Component: ARM Compiler 5.06 update 6 (build 750) Tool: armlink [4d35ed]

==============================================================================

Section Cross References

    main.o(i.main) refers to misc.o(i.NVIC_PriorityGroupConfig) for NVIC_PriorityGroupConfig
    main.o(i.main) refers to delay.o(i.delay_init) for delay_init
    main.o(i.main) refers to usart.o(i.uart_init) for uart_init
    main.o(i.main) refers to adc.o(i.Adc_Init) for Adc_Init
    main.o(i.main) refers to pid.o(i.Pid_Init) for Pid_Init
    main.o(i.main) refers to timing.o(i.TIM4_Init) for TIM4_Init
    main.o(i.main) refers to gpio.o(i.General_Gpioinit) for General_Gpioinit
    main.o(i.main) refers to motor.o(i.PWM_Init) for PWM_Init
    main.o(i.main) refers to spi3.o(i.SPI3_Init) for SPI3_Init
    main.o(i.main) refers to delay.o(i.delay_ms) for delay_ms
    main.o(i.main) refers to imu_ahrs.o(i.IMU_HardwareInit) for IMU_HardwareInit
    main.o(i.main) refers to usart5tof.o(i.Usart2_Init) for Usart2_Init
    main.o(i.main) refers to oled.o(i.OLED_Init) for OLED_Init
    main.o(i.main) refers to oled.o(i.OLED_Clear) for OLED_Clear
    main.o(i.main) refers to sbus.o(i.Usart5_Init) for Usart5_Init
    main.o(i.main) refers to positionestimation.o(i.KalmanFilter_Init) for KalmanFilter_Init
    main.o(i.main) refers to stm32f4xx_gpio.o(i.GPIO_ResetBits) for GPIO_ResetBits
    main.o(i.main) refers to gpio.o(i.Beep_RingsOnce) for Beep_RingsOnce
    main.o(i.main) refers to oled.o(i.OLED_ShowCHinese) for OLED_ShowCHinese
    main.o(i.main) refers to oled.o(i.OLED_ShowString) for OLED_ShowString
    main.o(i.main) refers to sbus.o(i.Sbus_Data_Count) for Sbus_Data_Count
    main.o(i.main) refers to stm32f4xx_gpio.o(i.GPIO_SetBits) for GPIO_SetBits
    main.o(i.main) refers to imu_ahrs.o(i.IMU_getInfo) for IMU_getInfo
    main.o(i.main) refers to main.o(.bss) for .bss
    main.o(i.main) refers to main.o(.data) for .data
    main.o(i.main) refers to sbus.o(.bss) for CH
    system_stm32f4xx.o(i.SystemCoreClockUpdate) refers to system_stm32f4xx.o(.data) for .data
    system_stm32f4xx.o(i.SystemInit) refers to system_stm32f4xx.o(i.SetSysClock) for SetSysClock
    startup_stm32f40_41xxx.o(STACK) refers (Special) to heapauxi.o(.text) for __use_two_region_memory
    startup_stm32f40_41xxx.o(HEAP) refers (Special) to heapauxi.o(.text) for __use_two_region_memory
    startup_stm32f40_41xxx.o(RESET) refers (Special) to heapauxi.o(.text) for __use_two_region_memory
    startup_stm32f40_41xxx.o(RESET) refers to startup_stm32f40_41xxx.o(STACK) for __initial_sp
    startup_stm32f40_41xxx.o(RESET) refers to startup_stm32f40_41xxx.o(.text) for Reset_Handler
    startup_stm32f40_41xxx.o(RESET) refers to stm32f4xx_it.o(i.NMI_Handler) for NMI_Handler
    startup_stm32f40_41xxx.o(RESET) refers to stm32f4xx_it.o(i.HardFault_Handler) for HardFault_Handler
    startup_stm32f40_41xxx.o(RESET) refers to stm32f4xx_it.o(i.MemManage_Handler) for MemManage_Handler
    startup_stm32f40_41xxx.o(RESET) refers to stm32f4xx_it.o(i.BusFault_Handler) for BusFault_Handler
    startup_stm32f40_41xxx.o(RESET) refers to stm32f4xx_it.o(i.UsageFault_Handler) for UsageFault_Handler
    startup_stm32f40_41xxx.o(RESET) refers to stm32f4xx_it.o(i.SVC_Handler) for SVC_Handler
    startup_stm32f40_41xxx.o(RESET) refers to stm32f4xx_it.o(i.DebugMon_Handler) for DebugMon_Handler
    startup_stm32f40_41xxx.o(RESET) refers to stm32f4xx_it.o(i.PendSV_Handler) for PendSV_Handler
    startup_stm32f40_41xxx.o(RESET) refers to stm32f4xx_it.o(i.SysTick_Handler) for SysTick_Handler
    startup_stm32f40_41xxx.o(RESET) refers to timing.o(i.TIM4_IRQHandler) for TIM4_IRQHandler
    startup_stm32f40_41xxx.o(RESET) refers to usart.o(i.USART1_IRQHandler) for USART1_IRQHandler
    startup_stm32f40_41xxx.o(RESET) refers to usart5tof.o(i.USART2_IRQHandler) for USART2_IRQHandler
    startup_stm32f40_41xxx.o(RESET) refers to sbus.o(i.UART5_IRQHandler) for UART5_IRQHandler
    startup_stm32f40_41xxx.o(.text) refers (Special) to heapauxi.o(.text) for __use_two_region_memory
    startup_stm32f40_41xxx.o(.text) refers to system_stm32f4xx.o(i.SystemInit) for SystemInit
    startup_stm32f40_41xxx.o(.text) refers to __main.o(!!!main) for __main
    startup_stm32f40_41xxx.o(.text) refers to startup_stm32f40_41xxx.o(HEAP) for Heap_Mem
    startup_stm32f40_41xxx.o(.text) refers to startup_stm32f40_41xxx.o(STACK) for Stack_Mem
    stm32f4xx_adc.o(i.ADC_DeInit) refers to stm32f4xx_rcc.o(i.RCC_APB2PeriphResetCmd) for RCC_APB2PeriphResetCmd
    stm32f4xx_can.o(i.CAN_DeInit) refers to stm32f4xx_rcc.o(i.RCC_APB1PeriphResetCmd) for RCC_APB1PeriphResetCmd
    stm32f4xx_can.o(i.CAN_GetITStatus) refers to stm32f4xx_can.o(i.CheckITStatus) for CheckITStatus
    stm32f4xx_cryp.o(i.CRYP_DeInit) refers to stm32f4xx_rcc.o(i.RCC_AHB2PeriphResetCmd) for RCC_AHB2PeriphResetCmd
    stm32f4xx_cryp_aes.o(i.CRYP_AES_CBC) refers to stm32f4xx_cryp.o(i.CRYP_KeyStructInit) for CRYP_KeyStructInit
[...]
    .text                                    0x080002aa   Section        0  heapauxi.o(.text)
    .text                                    0x080002b0   Section        2  use_no_semi.o(.text)
    .text                                    0x080002b2   Section        0  _rserrno.o(.text)
    .text                                    0x080002c8   Section        8  libspace.o(.text)
    .text                                    0x080002d0   Section        8  rt_errno_addr_intlibspace.o(.text)
    .text                                    0x080002d8   Section       74  sys_stackheap_outer.o(.text)
    .text                                    0x08000322   Section        0  exit.o(.text)
    i.ADC_Cmd                                0x08000334   Section        0  stm32f4xx_adc.o(i.ADC_Cmd)
    i.ADC_CommonInit                         0x0800034c   Section        0  stm32f4xx_adc.o(i.ADC_CommonInit)
    i.ADC_Init                               0x08000374   Section        0  stm32f4xx_adc.o(i.ADC_Init)
    i.Adc_Init                               0x080003c0   Section        0  adc.o(i.Adc_Init)
    i.Beep_RingsOnce                         0x08000444   Section        0  gpio.o(i.Beep_RingsOnce)
    i.BusFault_Handler                       0x08000468   Section        0  stm32f4xx_it.o(i.BusFault_Handler)
    i.DebugMon_Handler                       0x0800046a   Section        0  stm32f4xx_it.o(i.DebugMon_Handler)
    i.GPIO_Init                              0x0800046c   Section        0  stm32f4xx_gpio.o(i.GPIO_Init)
    i.GPIO_PinAFConfig                       0x080004e8   Section        0  stm32f4xx_gpio.o(i.GPIO_PinAFConfig)
    i.GPIO_ResetBits                         0x08000508   Section        0  stm32f4xx_gpio.o(i.GPIO_ResetBits)
    i.GPIO_SetBits                           0x0800050c   Section        0  stm32f4xx_gpio.o(i.GPIO_SetBits)
    i.General_Gpioinit                       0x08000510   Section        0  gpio.o(i.General_Gpioinit)
    i.HardFault_Handler                      0x080005e4   Section        0  stm32f4xx_it.o(i.HardFault_Handler)
    i.IMU_HardwareInit                       0x080005e8   Section        0  imu_ahrs.o(i.IMU_HardwareInit)
    i.IMU_getInfo                            0x0800062c   Section        0  imu_ahrs.o(i.IMU_getInfo)
    i.IMU_getValues                          0x08000974   Section        0  imu_ahrs.o(i.IMU_getValues)
    i.KalmanFilter_Init                      0x08000af0   Section        0  positionestimation.o(i.KalmanFilter_Init)
    i.LPButterworth                          0x08000bd4   Section        0  digital_filter.o(i.LPButterworth)
    i.MPU6500_Init_Offset                    0x08000c2c   Section        0  mpu6050.o(i.MPU6500_Init_Offset)
    i.MPU6500_initialize                     0x08000c94   Section        0  mpu6050.o(i.MPU6500_initialize)
    i.MPU6500_readGyro_Acc                   0x08000d18   Section        0  mpu6050.o(i.MPU6500_readGyro_Acc)
    i.MPU6500_writeReg                       0x08000db4   Section        0  mpu6050.o(i.MPU6500_writeReg)
    MPU6500_writeReg                         0x08000db5   Thumb Code    46  mpu6050.o(i.MPU6500_writeReg)
    i.MahonyAHRSupdate                       0x08000de8   Section        0  mahonyahrs.o(i.MahonyAHRSupdate)
    i.MahonyAHRSupdateIMU                    0x080011b4   Section        0  mahonyahrs.o(i.MahonyAHRSupdateIMU)
    i.MemManage_Handler                      0x080013f8   Section        0  stm32f4xx_it.o(i.MemManage_Handler)
    i.NMI_Handler                            0x080013fa   Section        0  stm32f4xx_it.o(i.NMI_Handler)
    i.NVIC_Init                              0x080013fc   Section        0  misc.o(i.NVIC_Init)
    i.NVIC_PriorityGroupConfig               0x08001464   Section        0  misc.o(i.NVIC_PriorityGroupConfig)
    i.OLED_Clear                             0x08001478   Section        0  oled.o(i.OLED_Clear)
    i.OLED_Init                              0x080014b4   Section        0  oled.o(i.OLED_Init)
    i.OLED_Set_Pos                           0x0800161c   Section        0  oled.o(i.OLED_Set_Pos)
    i.OLED_ShowCHinese                       0x08001648   Section        0  oled.o(i.OLED_ShowCHinese)
    i.OLED_ShowChar                          0x080016a4   Section        0  oled.o(i.OLED_ShowChar)
    i.OLED_ShowString                        0x08001708   Section        0  oled.o(i.OLED_ShowString)
    i.OLED_WR_Byte                           0x0800173c   Section        0  oled.o(i.OLED_WR_Byte)
    i.PWM_Init                               0x080017bc   Section        0  motor.o(i.PWM_Init)
    i.PendSV_Handler                         0x080018b8   Section        0  stm32f4xx_it.o(i.PendSV_Handler)
    i.Pid_Init                               0x080018bc   Section        0  pid.o(i.Pid_Init)
    i.RCC_AHB1PeriphClockCmd                 0x08001a38   Section        0  stm32f4xx_rcc.o(i.RCC_AHB1PeriphClockCmd)
    i.RCC_APB1PeriphClockCmd                 0x08001a54   Section        0  stm32f4xx_rcc.o(i.RCC_APB1PeriphClockCmd)
    i.RCC_APB2PeriphClockCmd                 0x08001a70   Section        0  stm32f4xx_rcc.o(i.RCC_APB2PeriphClockCmd)
    i.RCC_APB2PeriphResetCmd                 0x08001a8c   Section        0  stm32f4xx_rcc.o(i.RCC_APB2PeriphResetCmd)
    i.RCC_GetClocksFreq                      0x08001aa8   Section        0  stm32f4xx_rcc.o(i.RCC_GetClocksFreq)
    i.SPI3_Init                              0x08001b48   Section        0  spi3.o(i.SPI3_Init)
    i.SPI3_ReadWrite_Byte                    0x08001c38   Section        0  spi3.o(i.SPI3_ReadWrite_Byte)
    i.SPI3_readRegs                          0x08001c58   Section        0  spi3.o(i.SPI3_readRegs)
    i.SPI_Cmd                                0x08001c7c   Section        0  stm32f4xx_spi.o(i.SPI_Cmd)
    i.SPI_Init                               0x08001c94   Section        0  stm32f4xx_spi.o(i.SPI_Init)
    i.SVC_Handler                            0x08001ccc   Section        0  stm32f4xx_it.o(i.SVC_Handler)
    i.Sbus_Data_Count                        0x08001cd0   Section        0  sbus.o(i.Sbus_Data_Count)
    i.SetSysClock                            0x08001d4c   Section        0  system_stm32f4xx.o(i.SetSysClock)
    SetSysClock                              0x08001d4d   Thumb Code   168  system_stm32f4xx.o(i.SetSysClock)
    i.Set_Cutoff_Frequency                   0x08001e04   Section        0  digital_filter.o(i.Set_Cutoff_Frequency)
    i.SysTick_CLKSourceConfig                0x08001eac   Section        0  misc.o(i.SysTick_CLKSourceConfig)
    i.SysTick_Handler                        0x08001ec8   Section        0  stm32f4xx_it.o(i.SysTick_Handler)
    i.SystemInit                             0x08001ecc   Section        0  system_stm32f4xx.o(i.SystemInit)
    i.TIM4_IRQHandler                        0x08001f28   Section        0  timing.o(i.TIM4_IRQHandler)
    i.TIM4_Init                              0x0800201c   Section        0  timing.o(i.TIM4_Init)
    i.TIM_ARRPreloadConfig                   0x08002078   Section        0  stm32f4xx_tim.o(i.TIM_ARRPreloadConfig)
    i.TIM_ClearITPendingBit                  0x08002090   Section        0  stm32f4xx_tim.o(i.TIM_ClearITPendingBit)
    i.TIM_Cmd                                0x08002096   Section        0  stm32f4xx_tim.o(i.TIM_Cmd)
    i.TIM_GetITStatus                        0x080020ae   Section        0  stm32f4xx_tim.o(i.TIM_GetITStatus)
    i.TIM_ITConfig                           0x080020c6   Section        0  stm32f4xx_tim.o(i.TIM_ITConfig)
    i.TIM_OC1Init                            0x080020dc   Section        0  stm32f4xx_tim.o(i.TIM_OC1Init)
    i.TIM_OC1PreloadConfig                   0x08002144   Section        0  stm32f4xx_tim.o(i.TIM_OC1PreloadConfig)
    i.TIM_OC2Init                            0x08002150   Section        0  stm32f4xx_tim.o(i.TIM_OC2Init)
    i.TIM_OC2PreloadConfig                   0x080021d8   Section        0  stm32f4xx_tim.o(i.TIM_OC2PreloadConfig)
    i.TIM_OC3Init                            0x080021ec   Section        0  stm32f4xx_tim.o(i.TIM_OC3Init)
    i.TIM_OC3PreloadConfig                   0x08002270   Section        0  stm32f4xx_tim.o(i.TIM_OC3PreloadConfig)
    i.TIM_OC4Init                            0x0800227c   Section        0  stm32f4xx_tim.o(i.TIM_OC4Init)
    i.TIM_OC4PreloadConfig                   0x080022e0   Section        0  stm32f4xx_tim.o(i.TIM_OC4PreloadConfig)
    i.TIM_TimeBaseInit                       0x080022f4   Section        0  stm32f4xx_tim.o(i.TIM_TimeBaseInit)
    i.UART5_IRQHandler                       0x08002370   Section        0  sbus.o(i.UART5_IRQHandler)
    i.USART1_IRQHandler                      0x080023bc   Section        0  usart.o(i.USART1_IRQHandler)
    i.USART2_IRQHandler                      0x08002424   Section        0  usart5tof.o(i.USART2_IRQHandler)
    i.USART_ClearITPendingBit                0x080024f0   Section        0  stm32f4xx_usart.o(i.USART_ClearITPendingBit)
    i.USART_Cmd                              0x08002500   Section        0  stm32f4xx_usart.o(i.USART_Cmd)
    i.USART_GetITStatus                      0x08002518   Section        0  stm32f4xx_usart.o(i.USART_GetITStatus)
    i.USART_ITConfig                         0x08002558   Section        0  stm32f4xx_usart.o(i.USART_ITConfig)
    i.USART_Init                             0x08002590   Section        0  stm32f4xx_usart.o(i.USART_Init)
    i.USART_ReceiveData                      0x0800264c   Section        0  stm32f4xx_usart.o(i.USART_ReceiveData)
    i.UsageFault_Handler                     0x08002654   Section        0  stm32f4xx_it.o(i.UsageFault_Handler)
    i.Usart2_Init                            0x08002658   Section        0  usart5tof.o(i.Usart2_Init)
    i.Usart5_Init                            0x08002724   Section        0  sbus.o(i.Usart5_Init)
    i.__ARM_fpclassify                       0x080027d8   Section        0  fpclassify.o(i.__ARM_fpclassify)
    i.__ARM_fpclassifyf                      0x08002808   Section        0  fpclassifyf.o(i.__ARM_fpclassifyf)
    i.__hardfp_asin                          0x08002830   Section        0  asin.o(i.__hardfp_asin)
    i.__hardfp_atan                          0x08002b90   Section        0  atan.o(i.__hardfp_atan)
    i.__hardfp_atan2                         0x08002e68   Section        0  atan2.o(i.__hardfp_atan2)
    i.__hardfp_cosf                          0x08003058   Section        0  cosf.o(i.__hardfp_cosf)
    i.__hardfp_sqrt                          0x080031a8   Section        0  sqrt.o(i.__hardfp_sqrt)
    i.__hardfp_tanf                          0x08003224   Section        0  tanf.o(i.__hardfp_tanf)
    i.__kernel_poly                          0x080033a0   Section        0  poly.o(i.__kernel_poly)
    i.__mathlib_dbl_infnan                   0x08003498   Section        0  dunder.o(i.__mathlib_dbl_infnan)
    i.__mathlib_dbl_infnan2                  0x080034ac   Section        0  dunder.o(i.__mathlib_dbl_infnan2)
    i.__mathlib_dbl_invalid                  0x080034c0   Section        0  dunder.o(i.__mathlib_dbl_invalid)
    i.__mathlib_dbl_underflow                0x080034e0   Section        0  dunder.o(i.__mathlib_dbl_underflow)
    i.__mathlib_flt_infnan                   0x08003500   Section        0  funder.o(i.__mathlib_flt_infnan)
    i.__mathlib_flt_invalid                  0x08003508   Section        0  funder.o(i.__mathlib_flt_invalid)
    i.__mathlib_flt_underflow                0x08003518   Section        0  funder.o(i.__mathlib_flt_underflow)
    i.__mathlib_rredf2                       0x08003528   Section        0  rredf.o(i.__mathlib_rredf2)
    i._sys_exit                              0x0800367c   Section        0  usart.o(i._sys_exit)
    i.atan                                   0x0800367e   Section        0  atan.o(i.atan)
    i.delay_init                             0x08003690   Section        0  delay.o(i.delay_init)
    i.delay_ms                               0x080036bc   Section        0  delay.o(i.delay_ms)
    i.delay_us                               0x080036f0   Section        0  delay.o(i.delay_us)
    i.delay_xms                              0x08003724   Section        0  delay.o(i.delay_xms)
    i.fabs                                   0x08003758   Section        0  fabs.o(i.fabs)
    i.invSqrt                                0x08003770   Section        0  mahonyahrs.o(i.invSqrt)
    i.main                                   0x0800379c   Section        0  main.o(i.main)
    i.safe_asin                              0x08003988   Section        0  imu_ahrs.o(i.safe_asin)
    i.sqrt                                   0x080039ec   Section        0  sqrt.o(i.sqrt)
    i.uart_init                              0x08003a5c   Section        0  usart.o(i.uart_init)
    x$fpl$basic                              0x08003b08   Section       24  basic.o(x$fpl$basic)
    $v0                                      0x08003b08   Number         0  basic.o(x$fpl$basic)
    x$fpl$d2f                                0x08003b20   Section       98  d2f.o(x$fpl$d2f)
    $v0                                      0x08003b20   Number         0  d2f.o(x$fpl$d2f)
    x$fpl$dadd                               0x08003b84   Section      336  daddsub_clz.o(x$fpl$dadd)
    $v0                                      0x08003b84   Number         0  daddsub_clz.o(x$fpl$dadd)
    _dadd1                                   0x08003b95   Thumb Code     0  daddsub_clz.o(x$fpl$dadd)
    x$fpl$ddiv                               0x08003cd4   Section      688  ddiv.o(x$fpl$ddiv)
    $v0                                      0x08003cd4   Number         0  ddiv.o(x$fpl$ddiv)
    ddiv_entry                               0x08003cdb   Thumb Code     0  ddiv.o(x$fpl$ddiv)
    x$fpl$dmul                               0x08003f84   Section      340  dmul.o(x$fpl$dmul)
    $v0                                      0x08003f84   Number         0  dmul.o(x$fpl$dmul)
    x$fpl$dnaninf                            0x080040d8   Section      156  dnaninf.o(x$fpl$dnaninf)
    $v0                                      0x080040d8   Number         0  dnaninf.o(x$fpl$dnaninf)
    x$fpl$dretinf                            0x08004174   Section       12  dretinf.o(x$fpl$dretinf)
    $v0                                      0x08004174   Number         0  dretinf.o(x$fpl$dretinf)
    x$fpl$drsb                               0x08004180   Section       22  daddsub_clz.o(x$fpl$drsb)
    $v0                                      0x08004180   Number         0  daddsub_clz.o(x$fpl$drsb)
    x$fpl$dsqrt                              0x08004198   Section      408  dsqrt_umaal.o(x$fpl$dsqrt)
    $v0                                      0x08004198   Number         0  dsqrt_umaal.o(x$fpl$dsqrt)
    x$fpl$dsub                               0x08004330   Section      468  daddsub_clz.o(x$fpl$dsub)
    $v0                                      0x08004330   Number         0  daddsub_clz.o(x$fpl$dsub)
    _dsub1                                   0x08004341   Thumb Code     0  daddsub_clz.o(x$fpl$dsub)
    x$fpl$f2d                                0x08004504   Section       86  f2d.o(x$fpl$f2d)
    $v0                                      0x08004504   Number         0  f2d.o(x$fpl$f2d)
    x$fpl$fnaninf                            0x0800455a   Section      140  fnaninf.o(x$fpl$fnaninf)
    $v0                                      0x0800455a   Number         0  fnaninf.o(x$fpl$fnaninf)
    x$fpl$fpinit                             0x080045e6   Section       10  fpinit.o(x$fpl$fpinit)
    $v0                                      0x080045e6   Number         0  fpinit.o(x$fpl$fpinit)
    x$fpl$fretinf                            0x080045f0   Section       10  fretinf.o(x$fpl$fretinf)
    $v0                                      0x080045f0   Number         0  fretinf.o(x$fpl$fretinf)
    .constdata                               0x080045fa   Section     1520  oled.o(.constdata)
    x$fpl$usenofp                            0x080045fa   Section        0  usenofp.o(x$fpl$usenofp)
    .constdata                               0x08004bf0   Section       80  asin.o(.constdata)
    pS                                       0x08004bf0   Data          48  asin.o(.constdata)
    qS                                       0x08004c20   Data          32  asin.o(.constdata)
    .constdata                               0x08004c40   Section      152  atan.o(.constdata)
    atanhi                                   0x08004c40   Data          32  atan.o(.constdata)
    atanlo                                   0x08004c60   Data          32  atan.o(.constdata)
    aTodd                                    0x08004c80   Data          40  atan.o(.constdata)
    aTeven                                   0x08004ca8   Data          48  atan.o(.constdata)
    .constdata                               0x08004cd8   Section        8  qnan.o(.constdata)
    .constdata                               0x08004ce0   Section       32  rredf.o(.constdata)
    twooverpi                                0x08004ce0   Data          32  rredf.o(.constdata)
    .data                                    0x20000000   Section        3  main.o(.data)
    .data                                    0x20000004   Section        8  main.o(.data)
    .data                                    0x2000000c   Section        4  main.o(.data)
    .data                                    0x20000010   Section        1  main.o(.data)
    .data                                    0x20000011   Section        1  main.o(.data)
    .data                                    0x20000012   Section        1  main.o(.data)
    .data                                    0x20000013   Section        1  main.o(.data)
    .data                                    0x20000014   Section        1  main.o(.data)
    .data                                    0x20000015   Section       16  stm32f4xx_rcc.o(.data)
    APBAHBPrescTable                         0x20000015   Data          16  stm32f4xx_rcc.o(.data)
    .data                                    0x20000026   Section        4  delay.o(.data)
    fac_us                                   0x20000026   Data           1  delay.o(.data)
    fac_ms                                   0x20000028   Data           2  delay.o(.data)
    .data                                    0x2000002a   Section        2  usart.o(.data)
    .data                                    0x2000002c   Section       16  timing.o(.data)
    KAERMAN                                  0x2000002c   Data           2  timing.o(.data)
    PS2                                      0x2000002e   Data           2  timing.o(.data)
    POSITION                                 0x20000030   Data           2  timing.o(.data)
    ATTITUDE                                 0x20000032   Data           2  timing.o(.data)
    IMU                                      0x20000034   Data           2  timing.o(.data)
    DAYIN                                    0x20000036   Data           2  timing.o(.data)
    LAND                                     0x20000038   Data           2  timing.o(.data)
    AADC                                     0x2000003a   Data           2  timing.o(.data)
    .data                                    0x2000003c   Section       18  mpu6050.o(.data)
    Gx_offset                                0x2000003c   Data           2  mpu6050.o(.data)
    Gy_offset                                0x2000003e   Data           2  mpu6050.o(.data)
    Gz_offset                                0x20000040   Data           2  mpu6050.o(.data)
    gx                                       0x20000042   Data           2  mpu6050.o(.data)
    gy                                       0x20000044   Data           2  mpu6050.o(.data)
    gz                                       0x20000046   Data           2  mpu6050.o(.data)
    ax                                       0x20000048   Data           2  mpu6050.o(.data)
    ay                                       0x2000004a   Data           2  mpu6050.o(.data)
    az                                       0x2000004c   Data           2  mpu6050.o(.data)
    .data                                    0x20000050   Section       40  imu_ahrs.o(.data)
    q0q0                                     0x20000050   Data           4  imu_ahrs.o(.data)
    q0q1                                     0x20000054   Data           4  imu_ahrs.o(.data)
    q0q2                                     0x20000058   Data           4  imu_ahrs.o(.data)
    q0q3                                     0x2000005c   Data           4  imu_ahrs.o(.data)
    q1q1                                     0x20000060   Data           4  imu_ahrs.o(.data)
    q1q2                                     0x20000064   Data           4  imu_ahrs.o(.data)
    q1q3                                     0x20000068   Data           4  imu_ahrs.o(.data)
    q2q2                                     0x2000006c   Data           4  imu_ahrs.o(.data)
    q2q3                                     0x20000070   Data           4  imu_ahrs.o(.data)
    q3q3                                     0x20000074   Data           4  imu_ahrs.o(.data)
    .data                                    0x20000078   Section        2  usart5tof.o(.data)
    flag_data                                0x20000078   Data           1  usart5tof.o(.data)
    index                                    0x20000079   Data           1  usart5tof.o(.data)
    .data                                    0x2000007a   Section        1  sbus.o(.data)
    Rx_Sta                                   0x2000007a   Data           1  sbus.o(.data)
    .data                                    0x2000007b   Section      384  oled.o(.data)
    .data                                    0x200001fc   Section       36  mahonyahrs.o(.data)
    .bss                                     0x20000220   Section      656  main.o(.bss)
    .bss                                     0x200004b0   Section      156  main.o(.bss)
    .bss                                     0x2000054c   Section      204  main.o(.bss)
    .bss                                     0x20000618   Section       44  main.o(.bss)
    .bss                                     0x20000644   Section      200  usart.o(.bss)
    .bss                                     0x2000070c   Section       14  mpu6050.o(.bss)
    buf                                      0x2000070c   Data          14  mpu6050.o(.bss)
    .bss                                     0x2000071c   Section      304  imu_ahrs.o(.bss)
    AccData                                  0x2000071c   Data          12  imu_ahrs.o(.bss)
    GyroData                                 0x20000728   Data          12  imu_ahrs.o(.bss)
    q                                        0x20000734   Data          16  imu_ahrs.o(.bss)
    getValue                                 0x20000744   Data          36  imu_ahrs.o(.bss)
    .bss                                     0x2000084c   Section      200  usart5tof.o(.bss)
    .bss                                     0x20000914   Section       62  sbus.o(.bss)
    .bss                                     0x20000954   Section       96  libspace.o(.bss)
    HEAP                                     0x200009b8   Section      512  startup_stm32f40_41xxx.o(HEAP)
    Heap_Mem                                 0x200009b8   Data         512  startup_stm32f40_41xxx.o(HEAP)
    STACK                                    0x20000bb8   Section     1024  startup_stm32f40_41xxx.o(STACK)
    Stack_Mem                                0x20000bb8   Data        1024  startup_stm32f40_41xxx.o(STACK)
    __initial_sp                             0x20000fb8   Data           0  startup_stm32f40_41xxx.o(STACK)

    Global Symbols

    Symbol Name                              Value     Ov Type        Size  Object(Section)

    BuildAttributes$$THM_ISAv4$E$P$D$K$B$S$7EM$VFPi3$EXTD16$VFPS$VFMA$PE$A:L22UL41UL21$X:L11$S22US41US21$IEEE1$IW$USESV6$~STKCKD$USESV7$~SHL$OTIME$ROPI$IEEEX$EBA8$UX$STANDARDLIB$REQ8$PRES8$EABIv2 0x00000000   Number         0  anon$$obj.o ABSOLUTE
    __ARM_use_no_argv                        0x00000000   Number         0  main.o ABSOLUTE
    __ARM_exceptions_init                     - Undefined Weak Reference
    __alloca_initialize                       - Undefined Weak Reference
    __arm_preinit_                            - Undefined Weak Reference
    __cpp_initialize__aeabi_                  - Undefined Weak Reference
    __cxa_finalize                            - Undefined Weak Reference
    __rt_locale                               - Undefined Weak Reference
    __sigvec_lookup                           - Undefined Weak Reference
    __user_heap_extent                        - Undefined Weak Reference
    _atexit_init                              - Undefined Weak Reference
    _call_atexit_fns                          - Undefined Weak Reference
    _clock_init                               - Undefined Weak Reference
    _fp_trap_init                             - Undefined Weak Reference
    _fp_trap_shutdown                         - Undefined Weak Reference
    _get_lc_collate                           - Undefined Weak Reference
    _get_lc_ctype                             - Undefined Weak Reference
    _get_lc_monetary                          - Undefined Weak Reference
    _get_lc_numeric                           - Undefined Weak Reference
    _get_lc_time                              - Undefined Weak Reference
    _getenv_init                              - Undefined Weak Reference
    _handle_redirection                       - Undefined Weak Reference
    _initio                                   - Undefined Weak Reference
    _mutex_acquire                            - Undefined Weak Reference
    _mutex_free                               - Undefined Weak Reference
    _mutex_release                            - Undefined Weak Reference
    _rand_init                                - Undefined Weak Reference
    _signal_finish                            - Undefined Weak Reference
    _signal_init                              - Undefined Weak Reference
    _terminateio                              - Undefined Weak Reference
    __Vectors_Size                           0x00000188   Number         0  startup_stm32f40_41xxx.o ABSOLUTE
    __Vectors                                0x08000000   Data           4  startup_stm32f40_41xxx.o(RESET)
    __Vectors_End                            0x08000188   Data           0  startup_stm32f40_41xxx.o(RESET)
    __main                                   0x08000189   Thumb Code     8  __main.o(!!!main)
    __scatterload                            0x08000191   Thumb Code     0  __scatter.o(!!!scatter)
    __scatterload_rt2                        0x08000191   Thumb Code    44  __scatter.o(!!!scatter)
    __scatterload_rt2_thumb_only             0x08000191   Thumb Code     0  __scatter.o(!!!scatter)
    __scatterload_null                       0x0800019f   Thumb Code     0  __scatter.o(!!!scatter)
    __decompress                             0x080001c5   Thumb Code    90  __dczerorl2.o(!!dczerorl2)
    __decompress1                            0x080001c5   Thumb Code     0  __dczerorl2.o(!!dczerorl2)
    __scatterload_zeroinit                   0x08000221   Thumb Code    28  __scatter_zi.o(!!handler_zi)
    __rt_lib_init                            0x0800023d   Thumb Code     0  libinit.o(.ARM.Collect$$libinit$$00000000)
    __rt_lib_init_fp_1                       0x0800023f   Thumb Code     0  libinit2.o(.ARM.Collect$$libinit$$00000001)
    __rt_lib_init_alloca_1                   0x08000243   Thumb Code     0  libinit2.o(.ARM.Collect$$libinit$$0000002E)
    __rt_lib_init_argv_1                     0x08000243   Thumb Code     0  libinit2.o(.ARM.Collect$$libinit$$0000002C)
    __rt_lib_init_atexit_1                   0x08000243   Thumb Code     0  libinit2.o(.ARM.Collect$$libinit$$0000001B)
    __rt_lib_init_clock_1                    0x08000243   Thumb Code     0  libinit2.o(.ARM.Collect$$libinit$$00000021)
    __rt_lib_init_cpp_1                      0x08000243   Thumb Code     0  libinit2.o(.ARM.Collect$$libinit$$00000032)
    __rt_lib_init_exceptions_1               0x08000243   Thumb Code     0  libinit2.o(.ARM.Collect$$libinit$$00000030)
    __rt_lib_init_fp_trap_1                  0x08000243   Thumb Code     0  libinit2.o(.ARM.Collect$$libinit$$0000001F)
    __rt_lib_init_getenv_1                   0x08000243   Thumb Code     0  libinit2.o(.ARM.Collect$$libinit$$00000023)
    __rt_lib_init_heap_1                     0x08000243   Thumb Code     0  libinit2.o(.ARM.Collect$$libinit$$0000000A)
    __rt_lib_init_lc_collate_1               0x08000243   Thumb Code     0  libinit2.o(.ARM.Collect$$libinit$$00000011)
    __rt_lib_init_lc_ctype_1                 0x08000243   Thumb Code     0  libinit2.o(.ARM.Collect$$libinit$$00000013)
    __rt_lib_init_lc_monetary_1              0x08000243   Thumb Code     0  libinit2.o(.ARM.Collect$$libinit$$00000015)
    __rt_lib_init_lc_numeric_1               0x08000243   Thumb Code     0  libinit2.o(.ARM.Collect$$libinit$$00000017)
    __rt_lib_init_lc_time_1                  0x08000243   Thumb Code     0  libinit2.o(.ARM.Collect$$libinit$$00000019)
    __rt_lib_init_preinit_1                  0x08000243   Thumb Code     0  libinit2.o(.ARM.Collect$$libinit$$00000004)
    __rt_lib_init_rand_1                     0x08000243   Thumb Code     0  libinit2.o(.ARM.Collect$$libinit$$0000000E)
    __rt_lib_init_return                     0x08000243   Thumb Code     0  libinit2.o(.ARM.Collect$$libinit$$00000033)
    __rt_lib_init_signal_1                   0x08000243   Thumb Code     0  libinit2.o(.ARM.Collect$$libinit$$0000001D)
    __rt_lib_init_stdio_1                    0x08000243   Thumb Code     0  libinit2.o(.ARM.Collect$$libinit$$00000025)
    __rt_lib_init_user_alloc_1               0x08000243   Thumb Code     0  libinit2.o(.ARM.Collect$$libinit$$0000000C)
    __rt_lib_shutdown                        0x08000245   Thumb Code     0  libshutdown.o(.ARM.Collect$$libshutdown$$00000000)
    __rt_lib_shutdown_cpp_1                  0x08000247   Thumb Code     0  libshutdown2.o(.ARM.Collect$$libshutdown$$00000002)
    __rt_lib_shutdown_fp_trap_1              0x08000247   Thumb Code     0  libshutdown2.o(.ARM.Collect$$libshutdown$$00000007)
    __rt_lib_shutdown_heap_1                 0x08000247   Thumb Code     0  libshutdown2.o(.ARM.Collect$$libshutdown$$0000000F)
    __rt_lib_shutdown_return                 0x08000247   Thumb Code     0  libshutdown2.o(.ARM.Collect$$libshutdown$$00000010)
    __rt_lib_shutdown_signal_1               0x08000247   Thumb Code     0  libshutdown2.o(.ARM.Collect$$libshutdown$$0000000A)
    __rt_lib_shutdown_stdio_1                0x08000247   Thumb Code     0  libshutdown2.o(.ARM.Collect$$libshutdown$$00000004)
    __rt_lib_shutdown_user_alloc_1           0x08000247   Thumb Code     0  libshutdown2.o(.ARM.Collect$$libshutdown$$0000000C)
    __rt_entry                               0x08000249   Thumb Code     0  __rtentry.o(.ARM.Collect$$rtentry$$00000000)
    __rt_entry_presh_1                       0x08000249   Thumb Code     0  __rtentry2.o(.ARM.Collect$$rtentry$$00000002)
    __rt_entry_sh                            0x08000249   Thumb Code     0  __rtentry4.o(.ARM.Collect$$rtentry$$00000004)
    __rt_entry_li                            0x0800024f   Thumb Code     0  __rtentry2.o(.ARM.Collect$$rtentry$$0000000A)
    __rt_entry_postsh_1                      0x0800024f   Thumb Code     0  __rtentry2.o(.ARM.Collect$$rtentry$$00000009)
    __rt_entry_main                          0x08000253   Thumb Code     0  __rtentry2.o(.ARM.Collect$$rtentry$$0000000D)
    __rt_entry_postli_1                      0x08000253   Thumb Code     0  __rtentry2.o(.ARM.Collect$$rtentry$$0000000C)
    __rt_exit                                0x0800025b   Thumb Code     0  rtexit.o(.ARM.Collect$$rtexit$$00000000)
    __rt_exit_ls                             0x0800025d   Thumb Code     0  rtexit2.o(.ARM.Collect$$rtexit$$00000003)
    __rt_exit_prels_1                        0x0800025d   Thumb Code     0  rtexit2.o(.ARM.Collect$$rtexit$$00000002)
    __rt_exit_exit                           0x08000261   Thumb Code     0  rtexit2.o(.ARM.Collect$$rtexit$$00000004)
    Reset_Handler                            0x08000269   Thumb Code     8  startup_stm32f40_41xxx.o(.text)
    ADC_IRQHandler                           0x08000283   Thumb Code     0  startup_stm32f40_41xxx.o(.text)
    CAN1_RX0_IRQHandler                      0x08000283   Thumb Code     0  startup_stm32f40_41xxx.o(.text)
    CAN1_RX1_IRQHandler                      0x08000283   Thumb Code     0  startup_stm32f40_41xxx.o(.text)
    CAN1_SCE_IRQHandler                      0x08000283   Thumb Code     0  startup_stm32f40_41xxx.o(.text)
    CAN1_TX_IRQHandler                       0x08000283   Thumb Code     0  startup_stm32f40_41xxx.o(.text)
    CAN2_RX0_IRQHandler                      0x08000283   Thumb Code     0  startup_stm32f40_41xxx.o(.text)
    CAN2_RX1_IRQHandler                      0x08000283   Thumb Code     0  startup_stm32f40_41xxx.o(.text)
    CAN2_SCE_IRQHandler                      0x08000283   Thumb Code     0  startup_stm32f40_41xxx.o(.text)
    CAN2_TX_IRQHandler                       0x08000283   Thumb Code     0  startup_stm32f40_41xxx.o(.text)
    CRYP_IRQHandler                          0x08000283   Thumb Code     0  startup_stm32f40_41xxx.o(.text)
    DCMI_IRQHandler                          0x08000283   Thumb Code     0  startup_stm32f40_41xxx.o(.text)
    DMA1_Stream0_IRQHandler                  0x08000283   Thumb Code     0  startup_stm32f40_41xxx.o(.text)
    DMA1_Stream1_IRQHandler                  0x08000283   Thumb Code     0  startup_stm32f40_41xxx.o(.text)
    DMA1_Stream2_IRQHandler                  0x08000283   Thumb Code     0  startup_stm32f40_41xxx.o(.text)
    DMA1_Stream3_IRQHandler                  0x08000283   Thumb Code     0  startup_stm32f40_41xxx.o(.text)
    DMA1_Stream4_IRQHandler                  0x08000283   Thumb Code     0  startup_stm32f40_41xxx.o(.text)
    DMA1_Stream5_IRQHandler                  0x08000283   Thumb Code     0  startup_stm32f40_41xxx.o(.text)
    DMA1_Stream6_IRQHandler                  0x08000283   Thumb Code     0  startup_stm32f40_41xxx.o(.text)
    DMA1_Stream7_IRQHandler                  0x08000283   Thumb Code     0  startup_stm32f40_41xxx.o(.text)
    DMA2_Stream0_IRQHandler                  0x08000283   Thumb Code     0  startup_stm32f40_41xxx.o(.text)
    DMA2_Stream1_IRQHandler                  0x08000283   Thumb Code     0  startup_stm32f40_41xxx.o(.text)
    DMA2_Stream2_IRQHandler                  0x08000283   Thumb Code     0  startup_stm32f40_41xxx.o(.text)
    DMA2_Stream3_IRQHandler                  0x08000283   Thumb Code     0  startup_stm32f40_41xxx.o(.text)
    DMA2_Stream4_IRQHandler                  0x08000283   Thumb Code     0  startup_stm32f40_41xxx.o(.text)
    DMA2_Stream5_IRQHandler                  0x08000283   Thumb Code     0  startup_stm32f40_41xxx.o(.text)
    DMA2_Stream6_IRQHandler                  0x08000283   Thumb Code     0  startup_stm32f40_41xxx.o(.text)
    DMA2_Stream7_IRQHandler                  0x08000283   Thumb Code     0  startup_stm32f40_41xxx.o(.text)
    ETH_IRQHandler                           0x08000283   Thumb Code     0  startup_stm32f40_41xxx.o(.text)
    ETH_WKUP_IRQHandler                      0x08000283   Thumb Code     0  startup_stm32f40_41xxx.o(.text)
    EXTI0_IRQHandler                         0x08000283   Thumb Code     0  startup_stm32f40_41xxx.o(.text)
    EXTI15_10_IRQHandler                     0x08000283   Thumb Code     0  startup_stm32f40_41xxx.o(.text)
    EXTI1_IRQHandler                         0x08000283   Thumb Code     0  startup_stm32f40_41xxx.o(.text)
    EXTI2_IRQHandler                         0x08000283   Thumb Code     0  startup_stm32f40_41xxx.o(.text)
    EXTI3_IRQHandler                         0x08000283   Thumb Code     0  startup_stm32f40_41xxx.o(.text)
    EXTI4_IRQHandler                         0x08000283   Thumb Code     0  startup_stm32f40_41xxx.o(.text)
    EXTI9_5_IRQHandler                       0x08000283   Thumb Code     0  startup_stm32f40_41xxx.o(.text)
    FLASH_IRQHandler                         0x08000283   Thumb Code     0  startup_stm32f40_41xxx.o(.text)
    FPU_IRQHandler                           0x08000283   Thumb Code     0  startup_stm32f40_41xxx.o(.text)
    FSMC_IRQHandler                          0x08000283   Thumb Code     0  startup_stm32f40_41xxx.o(.text)
    HASH_RNG_IRQHandler                      0x08000283   Thumb Code     0  startup_stm32f40_41xxx.o(.text)
    I2C1_ER_IRQHandler                       0x08000283   Thumb Code     0  startup_stm32f40_41xxx.o(.text)
    I2C1_EV_IRQHandler                       0x08000283   Thumb Code     0  startup_stm32f40_41xxx.o(.text)
    I2C2_ER_IRQHandler                       0x08000283   Thumb Code     0  startup_stm32f40_41xxx.o(.text)
    I2C2_EV_IRQHandler                       0x08000283   Thumb Code     0  startup_stm32f40_41xxx.o(.text)
    I2C3_ER_IRQHandler                       0x08000283   Thumb Code     0  startup_stm32f40_41xxx.o(.text)
    I2C3_EV_IRQHandler                       0x08000283   Thumb Code     0  startup_stm32f40_41xxx.o(.text)
    OTG_FS_IRQHandler                        0x08000283   Thumb Code     0  startup_stm32f40_41xxx.o(.text)
    OTG_FS_WKUP_IRQHandler                   0x08000283   Thumb Code     0  startup_stm32f40_41xxx.o(.text)
    OTG_HS_EP1_IN_IRQHandler                 0x08000283   Thumb Code     0  startup_stm32f40_41xxx.o(.text)
    OTG_HS_EP1_OUT_IRQHandler                0x08000283   Thumb Code     0  startup_stm32f40_41xxx.o(.text)
    OTG_HS_IRQHandler                        0x08000283   Thumb Code     0  startup_stm32f40_41xxx.o(.text)
    OTG_HS_WKUP_IRQHandler                   0x08000283   Thumb Code     0  startup_stm32f40_41xxx.o(.text)
    PVD_IRQHandler                           0x08000283   Thumb Code     0  startup_stm32f40_41xxx.o(.text)
    RCC_IRQHandler                           0x08000283   Thumb Code     0  startup_stm32f40_41xxx.o(.text)
    RTC_Alarm_IRQHandler                     0x08000283   Thumb Code     0  startup_stm32f40_41xxx.o(.text)
    RTC_WKUP_IRQHandler                      0x08000283   Thumb Code     0  startup_stm32f40_41xxx.o(.text)
    SDIO_IRQHandler                          0x08000283   Thumb Code     0  startup_stm32f40_41xxx.o(.text)
    SPI1_IRQHandler                          0x08000283   Thumb Code     0  startup_stm32f40_41xxx.o(.text)
    SPI2_IRQHandler                          0x08000283   Thumb Code     0  startup_stm32f40_41xxx.o(.text)
    SPI3_IRQHandler                          0x08000283   Thumb Code     0  startup_stm32f40_41xxx.o(.text)
    TAMP_STAMP_IRQHandler                    0x08000283   Thumb Code     0  startup_stm32f40_41xxx.o(.text)
    TIM1_BRK_TIM9_IRQHandler                 0x08000283   Thumb Code     0  startup_stm32f40_41xxx.o(.text)
    TIM1_CC_IRQHandler                       0x08000283   Thumb Code     0  startup_stm32f40_41xxx.o(.text)
    TIM1_TRG_COM_TIM11_IRQHandler            0x08000283   Thumb Code     0  startup_stm32f40_41xxx.o(.text)
    TIM1_UP_TIM10_IRQHandler                 0x08000283   Thumb Code     0  startup_stm32f40_41xxx.o(.text)
    TIM2_IRQHandler                          0x08000283   Thumb Code     0  startup_stm32f40_41xxx.o(.text)
    TIM3_IRQHandler                          0x08000283   Thumb Code     0  startup_stm32f40_41xxx.o(.text)
    TIM5_IRQHandler                          0x08000283   Thumb Code     0  startup_stm32f40_41xxx.o(.text)
    TIM6_DAC_IRQHandler                      0x08000283   Thumb Code     0  startup_stm32f40_41xxx.o(.text)
    TIM7_IRQHandler                          0x08000283   Thumb Code     0  startup_stm32f40_41xxx.o(.text)
    TIM8_BRK_TIM12_IRQHandler                0x08000283   Thumb Code     0  startup_stm32f40_41xxx.o(.text)
    TIM8_CC_IRQHandler                       0x08000283   Thumb Code     0  startup_stm32f40_41xxx.o(.text)
    TIM8_TRG_COM_TIM14_IRQHandler            0x08000283   Thumb Code     0  startup_stm32f40_41xxx.o(.text)
    TIM8_UP_TIM13_IRQHandler                 0x08000283   Thumb Code     0  startup_stm32f40_41xxx.o(.text)
    UART4_IRQHandler                         0x08000283   Thumb Code     0  startup_stm32f40_41xxx.o(.text)
    USART3_IRQHandler                        0x08000283   Thumb Code     0  startup_stm32f40_41xxx.o(.text)
    USART6_IRQHandler                        0x08000283   Thumb Code     0  startup_stm32f40_41xxx.o(.text)
    WWDG_IRQHandler                          0x08000283   Thumb Code     0  startup_stm32f40_41xxx.o(.text)
    __user_initial_stackheap                 0x08000285   Thumb Code     0  startup_stm32f40_41xxx.o(.text)
    __use_no_semihosting                     0x080002a9   Thumb Code     2  use_no_semi_2.o(.text)
    __use_two_region_memory                  0x080002ab   Thumb Code     2  heapauxi.o(.text)
    __rt_heap_escrow                         0x080002ad   Thumb Code     2  heapauxi.o(.text)
    __rt_heap_expand                         0x080002af   Thumb Code     2  heapauxi.o(.text)
    __I$use$semihosting                      0x080002b1   Thumb Code     0  use_no_semi.o(.text)
    __use_no_semihosting_swi                 0x080002b1   Thumb Code     2  use_no_semi.o(.text)
    __read_errno                             0x080002b3   Thumb Code    10  _rserrno.o(.text)
    __set_errno                              0x080002bd   Thumb Code    12  _rserrno.o(.text)
    __user_libspace                          0x080002c9   Thumb Code     8  libspace.o(.text)
    __user_perproc_libspace                  0x080002c9   Thumb Code     0  libspace.o(.text)
    __user_perthread_libspace                0x080002c9   Thumb Code     0  libspace.o(.text)
    __aeabi_errno_addr                       0x080002d1   Thumb Code     8  rt_errno_addr_intlibspace.o(.text)
    __errno$intlibspace                      0x080002d1   Thumb Code     0  rt_errno_addr_intlibspace.o(.text)
    __rt_errno_addr$intlibspace              0x080002d1   Thumb Code     0  rt_errno_addr_intlibspace.o(.text)
    __user_setup_stackheap                   0x080002d9   Thumb Code    74  sys_stackheap_outer.o(.text)
    exit                                     0x08000323   Thumb Code    18  exit.o(.text)
    ADC_Cmd                                  0x08000335   Thumb Code    24  stm32f4xx_adc.o(i.ADC_Cmd)
    ADC_CommonInit                           0x0800034d   Thumb Code    30  stm32f4xx_adc.o(i.ADC_CommonInit)
    ADC_Init                                 0x08000375   Thumb Code    66  stm32f4xx_adc.o(i.ADC_Init)
    Adc_Init                                 0x080003c1   Thumb Code   122  adc.o(i.Adc_Init)
    Beep_RingsOnce                           0x08000445   Thumb Code    32  gpio.o(i.Beep_RingsOnce)
    BusFault_Handler                         0x08000469   Thumb Code     2  stm32f4xx_it.o(i.BusFault_Handler)
    DebugMon_Handler                         0x0800046b   Thumb Code     2  stm32f4xx_it.o(i.DebugMon_Handler)
    GPIO_Init                                0x0800046d   Thumb Code   124  stm32f4xx_gpio.o(i.GPIO_Init)
    GPIO_PinAFConfig                         0x080004e9   Thumb Code    32  stm32f4xx_gpio.o(i.GPIO_PinAFConfig)
    GPIO_ResetBits                           0x08000509   Thumb Code     4  stm32f4xx_gpio.o(i.GPIO_ResetBits)
    GPIO_SetBits                             0x0800050d   Thumb Code     4  stm32f4xx_gpio.o(i.GPIO_SetBits)
    General_Gpioinit                         0x08000511   Thumb Code   198  gpio.o(i.General_Gpioinit)
    HardFault_Handler                        0x080005e5   Thumb Code     2  stm32f4xx_it.o(i.HardFault_Handler)
    IMU_HardwareInit                         0x080005e9   Thumb Code    56  imu_ahrs.o(i.IMU_HardwareInit)
    IMU_getInfo                              0x0800062d   Thumb Code   766  imu_ahrs.o(i.IMU_getInfo)
    IMU_getValues                            0x08000975   Thumb Code   358  imu_ahrs.o(i.IMU_getValues)
    KalmanFilter_Init                        0x08000af1   Thumb Code   190  positionestimation.o(i.KalmanFilter_Init)
    LPButterworth                            0x08000bd5   Thumb Code    86  digital_filter.o(i.LPButterworth)
    MPU6500_Init_Offset                      0x08000c2d   Thumb Code   100  mpu6050.o(i.MPU6500_Init_Offset)
    MPU6500_initialize                       0x08000c95   Thumb Code   132  mpu6050.o(i.MPU6500_initialize)
    MPU6500_readGyro_Acc                     0x08000d19   Thumb Code   144  mpu6050.o(i.MPU6500_readGyro_Acc)
    MahonyAHRSupdate                         0x08000de9   Thumb Code   956  mahonyahrs.o(i.MahonyAHRSupdate)
    MahonyAHRSupdateIMU                      0x080011b5   Thumb Code   562  mahonyahrs.o(i.MahonyAHRSupdateIMU)
    MemManage_Handler                        0x080013f9   Thumb Code     2  stm32f4xx_it.o(i.MemManage_Handler)
    NMI_Handler                              0x080013fb   Thumb Code     2  stm32f4xx_it.o(i.NMI_Handler)
    NVIC_Init                                0x080013fd   Thumb Code    98  misc.o(i.NVIC_Init)
    NVIC_PriorityGroupConfig                 0x08001465   Thumb Code    10  misc.o(i.NVIC_PriorityGroupConfig)
    OLED_Clear                               0x08001479   Thumb Code    60  oled.o(i.OLED_Clear)
    OLED_Init                                0x080014b5   Thumb Code   352  oled.o(i.OLED_Init)
    OLED_Set_Pos                             0x0800161d   Thumb Code    44  oled.o(i.OLED_Set_Pos)
    OLED_ShowCHinese                         0x08001649   Thumb Code    88  oled.o(i.OLED_ShowCHinese)
    OLED_ShowChar                            0x080016a5   Thumb Code    94  oled.o(i.OLED_ShowChar)
    OLED_ShowString                          0x08001709   Thumb Code    50  oled.o(i.OLED_ShowString)
    OLED_WR_Byte                             0x0800173d   Thumb Code   118  oled.o(i.OLED_WR_Byte)
    PWM_Init                                 0x080017bd   Thumb Code   246  motor.o(i.PWM_Init)
    PendSV_Handler                           0x080018b9   Thumb Code     2  stm32f4xx_it.o(i.PendSV_Handler)
    Pid_Init                                 0x080018bd   Thumb Code   320  pid.o(i.Pid_Init)
    RCC_AHB1PeriphClockCmd                   0x08001a39   Thumb Code    22  stm32f4xx_rcc.o(i.RCC_AHB1PeriphClockCmd)
    RCC_APB1PeriphClockCmd                   0x08001a55   Thumb Code    22  stm32f4xx_rcc.o(i.RCC_APB1PeriphClockCmd)
    RCC_APB2PeriphClockCmd                   0x08001a71   Thumb Code    22  stm32f4xx_rcc.o(i.RCC_APB2PeriphClockCmd)
    RCC_APB2PeriphResetCmd                   0x08001a8d   Thumb Code    22  stm32f4xx_rcc.o(i.RCC_APB2PeriphResetCmd)
    RCC_GetClocksFreq                        0x08001aa9   Thumb Code   148  stm32f4xx_rcc.o(i.RCC_GetClocksFreq)
    SPI3_Init                                0x08001b49   Thumb Code   226  spi3.o(i.SPI3_Init)
    SPI3_ReadWrite_Byte                      0x08001c39   Thumb Code    26  spi3.o(i.SPI3_ReadWrite_Byte)
    SPI3_readRegs                            0x08001c59   Thumb Code    36  spi3.o(i.SPI3_readRegs)
    SPI_Cmd                                  0x08001c7d   Thumb Code    24  stm32f4xx_spi.o(i.SPI_Cmd)
    SPI_Init                                 0x08001c95   Thumb Code    56  stm32f4xx_spi.o(i.SPI_Init)
    SVC_Handler                              0x08001ccd   Thumb Code     2  stm32f4xx_it.o(i.SVC_Handler)
    Sbus_Data_Count                          0x08001cd1   Thumb Code   118  sbus.o(i.Sbus_Data_Count)
    Set_Cutoff_Frequency                     0x08001e05   Thumb Code   160  digital_filter.o(i.Set_Cutoff_Frequency)
    SysTick_CLKSourceConfig                  0x08001ead   Thumb Code    28  misc.o(i.SysTick_CLKSourceConfig)
    SysTick_Handler                          0x08001ec9   Thumb Code     2  stm32f4xx_it.o(i.SysTick_Handler)
    SystemInit                               0x08001ecd   Thumb Code    74  system_stm32f4xx.o(i.SystemInit)
    TIM4_IRQHandler                          0x08001f29   Thumb Code   202  timing.o(i.TIM4_IRQHandler)
    TIM4_Init                                0x0800201d   Thumb Code    88  timing.o(i.TIM4_Init)
    TIM_ARRPreloadConfig                     0x08002079   Thumb Code    24  stm32f4xx_tim.o(i.TIM_ARRPreloadConfig)
    TIM_ClearITPendingBit                    0x08002091   Thumb Code     6  stm32f4xx_tim.o(i.TIM_ClearITPendingBit)
    TIM_Cmd                                  0x08002097   Thumb Code    24  stm32f4xx_tim.o(i.TIM_Cmd)
    TIM_GetITStatus                          0x080020af   Thumb Code    24  stm32f4xx_tim.o(i.TIM_GetITStatus)
    TIM_ITConfig                             0x080020c7   Thumb Code    20  stm32f4xx_tim.o(i.TIM_ITConfig)
    TIM_OC1Init                              0x080020dd   Thumb Code    96  stm32f4xx_tim.o(i.TIM_OC1Init)
    TIM_OC1PreloadConfig                     0x08002145   Thumb Code    12  stm32f4xx_tim.o(i.TIM_OC1PreloadConfig)
    TIM_OC2Init                              0x08002151   Thumb Code   128  stm32f4xx_tim.o(i.TIM_OC2Init)
    TIM_OC2PreloadConfig                     0x080021d9   Thumb Code    20  stm32f4xx_tim.o(i.TIM_OC2PreloadConfig)
    TIM_OC3Init                              0x080021ed   Thumb Code   124  stm32f4xx_tim.o(i.TIM_OC3Init)
    TIM_OC3PreloadConfig                     0x08002271   Thumb Code    12  stm32f4xx_tim.o(i.TIM_OC3PreloadConfig)
    TIM_OC4Init                              0x0800227d   Thumb Code    92  stm32f4xx_tim.o(i.TIM_OC4Init)
    TIM_OC4PreloadConfig                     0x080022e1   Thumb Code    20  stm32f4xx_tim.o(i.TIM_OC4PreloadConfig)
    TIM_TimeBaseInit                         0x080022f5   Thumb Code    96  stm32f4xx_tim.o(i.TIM_TimeBaseInit)
    UART5_IRQHandler                         0x08002371   Thumb Code    62  sbus.o(i.UART5_IRQHandler)
    USART1_IRQHandler                        0x080023bd   Thumb Code    92  usart.o(i.USART1_IRQHandler)
    USART2_IRQHandler                        0x08002425   Thumb Code   182  usart5tof.o(i.USART2_IRQHandler)
    USART_ClearITPendingBit                  0x080024f1   Thumb Code    16  stm32f4xx_usart.o(i.USART_ClearITPendingBit)
    USART_Cmd                                0x08002501   Thumb Code    24  stm32f4xx_usart.o(i.USART_Cmd)
    USART_GetITStatus                        0x08002519   Thumb Code    64  stm32f4xx_usart.o(i.USART_GetITStatus)
    USART_ITConfig                           0x08002559   Thumb Code    54  stm32f4xx_usart.o(i.USART_ITConfig)
    USART_Init                               0x08002591   Thumb Code   180  stm32f4xx_usart.o(i.USART_Init)
    USART_ReceiveData                        0x0800264d   Thumb Code     8  stm32f4xx_usart.o(i.USART_ReceiveData)
    UsageFault_Handler                       0x08002655   Thumb Code     2  stm32f4xx_it.o(i.UsageFault_Handler)
    Usart2_Init                              0x08002659   Thumb Code   196  usart5tof.o(i.Usart2_Init)
    Usart5_Init                              0x08002725   Thumb Code   170  sbus.o(i.Usart5_Init)
    __ARM_fpclassify                         0x080027d9   Thumb Code    48  fpclassify.o(i.__ARM_fpclassify)
    __ARM_fpclassifyf                        0x08002809   Thumb Code    38  fpclassifyf.o(i.__ARM_fpclassifyf)
    __hardfp_asin                            0x08002831   Thumb Code   770  asin.o(i.__hardfp_asin)
    __hardfp_atan                            0x08002b91   Thumb Code   622  atan.o(i.__hardfp_atan)
    __hardfp_atan2                           0x08002e69   Thumb Code   432  atan2.o(i.__hardfp_atan2)
    __hardfp_cosf                            0x08003059   Thumb Code   280  cosf.o(i.__hardfp_cosf)
    __hardfp_sqrt                            0x080031a9   Thumb Code   122  sqrt.o(i.__hardfp_sqrt)
    __hardfp_tanf                            0x08003225   Thumb Code   322  tanf.o(i.__hardfp_tanf)
    __kernel_poly                            0x080033a1   Thumb Code   248  poly.o(i.__kernel_poly)
    __mathlib_dbl_infnan                     0x08003499   Thumb Code    20  dunder.o(i.__mathlib_dbl_infnan)
    __mathlib_dbl_infnan2                    0x080034ad   Thumb Code    20  dunder.o(i.__mathlib_dbl_infnan2)
    __mathlib_dbl_invalid                    0x080034c1   Thumb Code    24  dunder.o(i.__mathlib_dbl_invalid)
    __mathlib_dbl_underflow                  0x080034e1   Thumb Code    24  dunder.o(i.__mathlib_dbl_underflow)
    __mathlib_flt_infnan                     0x08003501   Thumb Code     6  funder.o(i.__mathlib_flt_infnan)
    __mathlib_flt_invalid                    0x08003509   Thumb Code    10  funder.o(i.__mathlib_flt_invalid)
    __mathlib_flt_underflow                  0x08003519   Thumb Code    10  funder.o(i.__mathlib_flt_underflow)
    __mathlib_rredf2                         0x08003529   Thumb Code   316  rredf.o(i.__mathlib_rredf2)
    _sys_exit                                0x0800367d   Thumb Code     2  usart.o(i._sys_exit)
    atan                                     0x0800367f   Thumb Code    16  atan.o(i.atan)
    delay_init                               0x08003691   Thumb Code    38  delay.o(i.delay_init)
    delay_ms                                 0x080036bd   Thumb Code    52  delay.o(i.delay_ms)
    delay_us                                 0x080036f1   Thumb Code    46  delay.o(i.delay_us)
    delay_xms                                0x08003725   Thumb Code    46  delay.o(i.delay_xms)
    fabs                                     0x08003759   Thumb Code    24  fabs.o(i.fabs)
    invSqrt                                  0x08003771   Thumb Code    40  mahonyahrs.o(i.invSqrt)
    main                                     0x0800379d   Thumb Code   448  main.o(i.main)
    safe_asin                                0x08003989   Thumb Code    88  imu_ahrs.o(i.safe_asin)
    sqrt                                     0x080039ed   Thumb Code   110  sqrt.o(i.sqrt)
    uart_init                                0x08003a5d   Thumb Code   164  usart.o(i.uart_init)
    __aeabi_dneg                             0x08003b09   Thumb Code     0  basic.o(x$fpl$basic)
    _dneg                                    0x08003b09   Thumb Code     6  basic.o(x$fpl$basic)
    __aeabi_fneg                             0x08003b0f   Thumb Code     0  basic.o(x$fpl$basic)
    _fneg                                    0x08003b0f   Thumb Code     6  basic.o(x$fpl$basic)
    _dabs                                    0x08003b15   Thumb Code     6  basic.o(x$fpl$basic)
    _fabs                                    0x08003b1b   Thumb Code     6  basic.o(x$fpl$basic)
    __aeabi_d2f                              0x08003b21   Thumb Code     0  d2f.o(x$fpl$d2f)
    _d2f                                     0x08003b21   Thumb Code    98  d2f.o(x$fpl$d2f)
    __aeabi_dadd                             0x08003b85   Thumb Code     0  daddsub_clz.o(x$fpl$dadd)
    _dadd                                    0x08003b85   Thumb Code   332  daddsub_clz.o(x$fpl$dadd)
    __aeabi_ddiv                             0x08003cd5   Thumb Code     0  ddiv.o(x$fpl$ddiv)
    _ddiv                                    0x08003cd5   Thumb Code   552  ddiv.o(x$fpl$ddiv)
    __aeabi_dmul                             0x08003f85   Thumb Code     0  dmul.o(x$fpl$dmul)
    _dmul                                    0x08003f85   Thumb Code   332  dmul.o(x$fpl$dmul)
    __fpl_dnaninf                            0x080040d9   Thumb Code   156  dnaninf.o(x$fpl$dnaninf)
    __fpl_dretinf                            0x08004175   Thumb Code    12  dretinf.o(x$fpl$dretinf)
    __aeabi_drsub                            0x08004181   Thumb Code     0  daddsub_clz.o(x$fpl$drsb)
    _drsb                                    0x08004181   Thumb Code    22  daddsub_clz.o(x$fpl$drsb)
    _dsqrt                                   0x08004199   Thumb Code   404  dsqrt_umaal.o(x$fpl$dsqrt)
    __aeabi_dsub                             0x08004331   Thumb Code     0  daddsub_clz.o(x$fpl$dsub)
    _dsub                                    0x08004331   Thumb Code   464  daddsub_clz.o(x$fpl$dsub)
    __aeabi_f2d                              0x08004505   Thumb Code     0  f2d.o(x$fpl$f2d)
    _f2d                                     0x08004505   Thumb Code    86  f2d.o(x$fpl$f2d)
    __fpl_fnaninf                            0x0800455b   Thumb Code   140  fnaninf.o(x$fpl$fnaninf)
    _fp_init                                 0x080045e7   Thumb Code    10  fpinit.o(x$fpl$fpinit)
    __fplib_config_fpu_vfp                   0x080045ef   Thumb Code     0  fpinit.o(x$fpl$fpinit)
    __fplib_config_pureend_doubles           0x080045ef   Thumb Code     0  fpinit.o(x$fpl$fpinit)
    __fpl_fretinf                            0x080045f1   Thumb Code    10  fretinf.o(x$fpl$fretinf)
    F8X16                                    0x080045fa   Data        1520  oled.o(.constdata)
    __I$use$fp                               0x080045fa   Number         0  usenofp.o(x$fpl$usenofp)
    __mathlib_zero                           0x08004cd8   Data           8  qnan.o(.constdata)
    Region$$Table$$Base                      0x08004d00   Number         0  anon$$obj.o(Region$$Table)
    Region$$Table$$Limit                     0x08004d20   Number         0  anon$$obj.o(Region$$Table)
    SAFE_FLAG                                0x20000000   Data           1  main.o(.data)
    IMU_FLAG                                 0x20000001   Data           1  main.o(.data)
    PS2_FLAG                                 0x20000002   Data           1  main.o(.data)
    Errangle_Info                            0x20000004   Data           8  main.o(.data)
    TOFHeight                                0x2000000c   Data           4  main.o(.data)
    KAERMAN_FLAG                             0x20000010   Data           1  main.o(.data)
    POSITION_FLAG                            0x20000011   Data           1  main.o(.data)
    ATTITUDE_FLAG                            0x20000012   Data           1  main.o(.data)
    DAYIN_FLAG                               0x20000013   Data           1  main.o(.data)
    AADC_FLAG                                0x20000014   Data           1  main.o(.data)
    USART_RX_STA                             0x2000002a   Data           2  usart.o(.data)
    Hzk                                      0x2000007b   Data         384  oled.o(.data)
    twoKp                                    0x200001fc   Data           4  mahonyahrs.o(.data)
    twoKi                                    0x20000200   Data           4  mahonyahrs.o(.data)
    q0                                       0x20000204   Data           4  mahonyahrs.o(.data)
    q1                                       0x20000208   Data           4  mahonyahrs.o(.data)
    q2                                       0x2000020c   Data           4  mahonyahrs.o(.data)
    q3                                       0x20000210   Data           4  mahonyahrs.o(.data)
    integralFBx                              0x20000214   Data           4  mahonyahrs.o(.data)
    integralFBy                              0x20000218   Data           4  mahonyahrs.o(.data)
    integralFBz                              0x2000021c   Data           4  mahonyahrs.o(.data)
    Sbus_Number                              0x20000220   Data          36  main.o(.bss)
    XAxis                                    0x20000244   Data         152  main.o(.bss)
    YAxis                                    0x200002dc   Data         152  main.o(.bss)
    ZAxis                                    0x20000374   Data         152  main.o(.bss)
    Barometer                                0x2000040c   Data         152  main.o(.bss)
    FlightControl                            0x200004a4   Data          12  main.o(.bss)
    RT_Info                                  0x200004b0   Data         156  main.o(.bss)
    PID_ParaInfo                             0x2000054c   Data         204  main.o(.bss)
    OffsetData                               0x20000618   Data          44  main.o(.bss)
    USART_RX_BUF                             0x20000644   Data         200  usart.o(.bss)
    Accel_Parameter                          0x20000768   Data          24  imu_ahrs.o(.bss)
    Gyro_Parameter                           0x20000780   Data          24  imu_ahrs.o(.bss)
    accel_filter_buf                         0x20000798   Data          72  imu_ahrs.o(.bss)
    gyro_filter_buf                          0x200007e0   Data          72  imu_ahrs.o(.bss)
    RDrone_R                                 0x20000828   Data          36  imu_ahrs.o(.bss)
    USART2_RX_BUF                            0x2000084c   Data         200  usart5tof.o(.bss)
    buf                                      0x20000914   Data          26  sbus.o(.bss)
    CH                                       0x2000092e   Data          36  sbus.o(.bss)
    __libspace_start                         0x20000954   Data          96  libspace.o(.bss)
    __temporary_stack_top$libspace           0x200009b4   Data           0  libspace.o(.bss)



==============================================================================

Memory Map of the image

  Image Entry point : 0x08000189

  Load Region LR_IROM1 (Base: 0x08000000, Size: 0x00004f40, Max: 0x00100000, ABSOLUTE, COMPRESSED[0x00004e04])

    Execution Region ER_IROM1 (Exec base: 0x08000000, Load base: 0x08000000, Size: 0x00004d20, Max: 0x00100000, ABSOLUTE)

    Exec Addr    Load Addr    Size         Type   Attr      Idx    E Section Name        Object

    0x08000000   0x08000000   0x00000188   Data   RO          406    RESET               startup_stm32f40_41xxx.o
    0x08000188   0x08000188   0x00000008   Code   RO        10826  * !!!main             c_w.l(__main.o)
    0x08000190   0x08000190   0x00000034   Code   RO        11213    !!!scatter          c_w.l(__scatter.o)
    0x080001c4   0x080001c4   0x0000005a   Code   RO        11211    !!dczerorl2         c_w.l(__dczerorl2.o)
    0x0800021e   0x0800021e   0x00000002   PAD
    0x08000220   0x08000220   0x0000001c   Code   RO        11215    !!handler_zi        c_w.l(__scatter_zi.o)
    0x0800023c   0x0800023c   0x00000002   Code   RO        11152    .ARM.Collect$$libinit$$00000000  c_w.l(libinit.o)
    0x0800023e   0x0800023e   0x00000004   Code   RO        10968    .ARM.Collect$$libinit$$00000001  c_w.l(libinit2.o)
    0x08000242   0x08000242   0x00000000   Code   RO        10971    .ARM.Collect$$libinit$$00000004  c_w.l(libinit2.o)
    0x08000242   0x08000242   0x00000000   Code   RO        10974    .ARM.Collect$$libinit$$0000000A  c_w.l(libinit2.o)
    0x08000242   0x08000242   0x00000000   Code   RO        10976    .ARM.Collect$$libinit$$0000000C  c_w.l(libinit2.o)
    0x08000242   0x08000242   0x00000000   Code   RO        10978    .ARM.Collect$$libinit$$0000000E  c_w.l(libinit2.o)
    0x08000242   0x08000242   0x00000000   Code   RO        10981    .ARM.Collect$$libinit$$00000011  c_w.l(libinit2.o)
    0x08000242   0x08000242   0x00000000   Code   RO        10983    .ARM.Collect$$libinit$$00000013  c_w.l(libinit2.o)
    0x08000242   0x08000242   0x00000000   Code   RO        10985    .ARM.Collect$$libinit$$00000015  c_w.l(libinit2.o)
    0x08000242   0x08000242   0x00000000   Code   RO        10987    .ARM.Collect$$libinit$$00000017  c_w.l(libinit2.o)
    0x08000242   0x08000242   0x00000000   Code   RO        10989    .ARM.Collect$$libinit$$00000019  c_w.l(libinit2.o)
    0x08000242   0x08000242   0x00000000   Code   RO        10991    .ARM.Collect$$libinit$$0000001B  c_w.l(libinit2.o)
    0x08000242   0x08000242   0x00000000   Code   RO        10993    .ARM.Collect$$libinit$$0000001D  c_w.l(libinit2.o)
    0x08000242   0x08000242   0x00000000   Code   RO        10995    .ARM.Collect$$libinit$$0000001F  c_w.l(libinit2.o)
    0x08000242   0x08000242   0x00000000   Code   RO        10997    .ARM.Collect$$libinit$$00000021  c_w.l(libinit2.o)
    0x08000242   0x08000242   0x00000000   Code   RO        10999    .ARM.Collect$$libinit$$00000023  c_w.l(libinit2.o)
    0x08000242   0x08000242   0x00000000   Code   RO        11001    .ARM.Collect$$libinit$$00000025  c_w.l(libinit2.o)
    0x08000242   0x08000242   0x00000000   Code   RO        11005    .ARM.Collect$$libinit$$0000002C  c_w.l(libinit2.o)
    0x08000242   0x08000242   0x00000000   Code   RO        11007    .ARM.Collect$$libinit$$0000002E  c_w.l(libinit2.o)
    0x08000242   0x08000242   0x00000000   Code   RO        11009    .ARM.Collect$$libinit$$00000030  c_w.l(libinit2.o)
    0x08000242   0x08000242   0x00000000   Code   RO        11011    .ARM.Collect$$libinit$$00000032  c_w.l(libinit2.o)
    0x08000242   0x08000242   0x00000002   Code   RO        11012    .ARM.Collect$$libinit$$00000033  c_w.l(libinit2.o)
    0x08000244   0x08000244   0x00000002   Code   RO        11208    .ARM.Collect$$libshutdown$$00000000  c_w.l(libshutdown.o)
    0x08000246   0x08000246   0x00000000   Code   RO        11164    .ARM.Collect$$libshutdown$$00000002  c_w.l(libshutdown2.o)
    0x08000246   0x08000246   0x00000000   Code   RO        11166    .ARM.Collect$$libshutdown$$00000004  c_w.l(libshutdown2.o)
    0x08000246   0x08000246   0x00000000   Code   RO        11169    .ARM.Collect$$libshutdown$$00000007  c_w.l(libshutdown2.o)
    0x08000246   0x08000246   0x00000000   Code   RO        11172    .ARM.Collect$$libshutdown$$0000000A  c_w.l(libshutdown2.o)
    0x08000246   0x08000246   0x00000000   Code   RO        11174    .ARM.Collect$$libshutdown$$0000000C  c_w.l(libshutdown2.o)
    0x08000246   0x08000246   0x00000000   Code   RO        11177    .ARM.Collect$$libshutdown$$0000000F  c_w.l(libshutdown2.o)
    0x08000246   0x08000246   0x00000002   Code   RO        11178    .ARM.Collect$$libshutdown$$00000010  c_w.l(libshutdown2.o)
    0x08000248   0x08000248   0x00000000   Code   RO        10936    .ARM.Collect$$rtentry$$00000000  c_w.l(__rtentry.o)
    0x08000248   0x08000248   0x00000000   Code   RO        11092    .ARM.Collect$$rtentry$$00000002  c_w.l(__rtentry2.o)
    0x08000248   0x08000248   0x00000006   Code   RO        11104    .ARM.Collect$$rtentry$$00000004  c_w.l(__rtentry4.o)
    0x0800024e   0x0800024e   0x00000000   Code   RO        11094    .ARM.Collect$$rtentry$$00000009  c_w.l(__rtentry2.o)
    0x0800024e   0x0800024e   0x00000004   Code   RO        11095    .ARM.Collect$$rtentry$$0000000A  c_w.l(__rtentry2.o)
    0x08000252   0x08000252   0x00000000   Code   RO        11097    .ARM.Collect$$rtentry$$0000000C  c_w.l(__rtentry2.o)
    0x08000252   0x08000252   0x00000008   Code   RO        11098    .ARM.Collect$$rtentry$$0000000D  c_w.l(__rtentry2.o)
    0x0800025a   0x0800025a   0x00000002   Code   RO        11153    .ARM.Collect$$rtexit$$00000000  c_w.l(rtexit.o)
    0x0800025c   0x0800025c   0x00000000   Code   RO        11182    .ARM.Collect$$rtexit$$00000002  c_w.l(rtexit2.o)
    0x0800025c   0x0800025c   0x00000004   Code   RO        11183    .ARM.Collect$$rtexit$$00000003  c_w.l(rtexit2.o)
    0x08000260   0x08000260   0x00000006   Code   RO        11184    .ARM.Collect$$rtexit$$00000004  c_w.l(rtexit2.o)
    0x08000266   0x08000266   0x00000002   PAD
    0x08000268   0x08000268   0x00000040   Code   RO          407    .text               startup_stm32f40_41xxx.o
    0x080002a8   0x080002a8   0x00000002   Code   RO        10756    .text               c_w.l(use_no_semi_2.o)
    0x080002aa   0x080002aa   0x00000006   Code   RO        10824    .text               c_w.l(heapauxi.o)
    0x080002b0   0x080002b0   0x00000002   Code   RO        10932    .text               c_w.l(use_no_semi.o)
    0x080002b2   0x080002b2   0x00000016   Code   RO        10962    .text               c_w.l(_rserrno.o)
    0x080002c8   0x080002c8   0x00000008   Code   RO        11088    .text               c_w.l(libspace.o)
    0x080002d0   0x080002d0   0x00000008   Code   RO        11109    .text               c_w.l(rt_errno_addr_intlibspace.o)
    0x080002d8   0x080002d8   0x0000004a   Code   RO        11131    .text               c_w.l(sys_stackheap_outer.o)
    0x08000322   0x08000322   0x00000012   Code   RO        11137    .text               c_w.l(exit.o)
    0x08000334   0x08000334   0x00000018   Code   RO          463    i.ADC_Cmd           stm32f4xx_adc.o
    0x0800034c   0x0800034c   0x00000028   Code   RO          464    i.ADC_CommonInit    stm32f4xx_adc.o
    0x08000374   0x08000374   0x0000004c   Code   RO          483    i.ADC_Init          stm32f4xx_adc.o
    0x080003c0   0x080003c0   0x00000084   Code   RO         5700    i.Adc_Init          adc.o
    0x08000444   0x08000444   0x00000024   Code   RO         5409    i.Beep_RingsOnce    gpio.o
    0x08000468   0x08000468   0x00000002   Code   RO          272    i.BusFault_Handler  stm32f4xx_it.o
    0x0800046a   0x0800046a   0x00000002   Code   RO          273    i.DebugMon_Handler  stm32f4xx_it.o
    0x0800046c   0x0800046c   0x0000007c   Code   RO         2136    i.GPIO_Init         stm32f4xx_gpio.o
    0x080004e8   0x080004e8   0x00000020   Code   RO         2137    i.GPIO_PinAFConfig  stm32f4xx_gpio.o
    0x08000508   0x08000508   0x00000004   Code   RO         2143    i.GPIO_ResetBits    stm32f4xx_gpio.o
    0x0800050c   0x0800050c   0x00000004   Code   RO         2144    i.GPIO_SetBits      stm32f4xx_gpio.o
    0x08000510   0x08000510   0x000000d4   Code   RO         5410    i.General_Gpioinit  gpio.o
    0x080005e4   0x080005e4   0x00000002   Code   RO          274    i.HardFault_Handler  stm32f4xx_it.o
    0x080005e6   0x080005e6   0x00000002   PAD
    0x080005e8   0x080005e8   0x00000044   Code   RO         5569    i.IMU_HardwareInit  imu_ahrs.o
    0x0800062c   0x0800062c   0x00000348   Code   RO         5570    i.IMU_getInfo       imu_ahrs.o
    0x08000974   0x08000974   0x0000017c   Code   RO         5571    i.IMU_getValues     imu_ahrs.o
    0x08000af0   0x08000af0   0x000000e4   Code   RO         6008    i.KalmanFilter_Init  positionestimation.o
    0x08000bd4   0x08000bd4   0x00000056   Code   RO         5867    i.LPButterworth     digital_filter.o
    0x08000c2a   0x08000c2a   0x00000002   PAD
    0x08000c2c   0x08000c2c   0x00000068   Code   RO         5517    i.MPU6500_Init_Offset  mpu6050.o
    0x08000c94   0x08000c94   0x00000084   Code   RO         5518    i.MPU6500_initialize  mpu6050.o
    0x08000d18   0x08000d18   0x0000009c   Code   RO         5519    i.MPU6500_readGyro_Acc  mpu6050.o
    0x08000db4   0x08000db4   0x00000034   Code   RO         5520    i.MPU6500_writeReg  mpu6050.o
    0x08000de8   0x08000de8   0x000003cc   Code   RO         5945    i.MahonyAHRSupdate  mahonyahrs.o
    0x080011b4   0x080011b4   0x00000244   Code   RO         5946    i.MahonyAHRSupdateIMU  mahonyahrs.o
    0x080013f8   0x080013f8   0x00000002   Code   RO          275    i.MemManage_Handler  stm32f4xx_it.o
    0x080013fa   0x080013fa   0x00000002   Code   RO          276    i.NMI_Handler       stm32f4xx_it.o
    0x080013fc   0x080013fc   0x00000068   Code   RO          413    i.NVIC_Init         misc.o
    0x08001464   0x08001464   0x00000014   Code   RO          414    i.NVIC_PriorityGroupConfig  misc.o
    0x08001478   0x08001478   0x0000003c   Code   RO         5742    i.OLED_Clear        oled.o
    0x080014b4   0x080014b4   0x00000168   Code   RO         5746    i.OLED_Init         oled.o
    0x0800161c   0x0800161c   0x0000002c   Code   RO         5747    i.OLED_Set_Pos      oled.o
    0x08001648   0x08001648   0x0000005c   Code   RO         5748    i.OLED_ShowCHinese  oled.o
    0x080016a4   0x080016a4   0x00000064   Code   RO         5749    i.OLED_ShowChar     oled.o
    0x08001708   0x08001708   0x00000032   Code   RO         5751    i.OLED_ShowString   oled.o
    0x0800173a   0x0800173a   0x00000002   PAD
    0x0800173c   0x0800173c   0x00000080   Code   RO         5752    i.OLED_WR_Byte      oled.o
    0x080017bc   0x080017bc   0x000000fc   Code   RO         5445    i.PWM_Init          motor.o
    0x080018b8   0x080018b8   0x00000002   Code   RO          277    i.PendSV_Handler    stm32f4xx_it.o
    0x080018ba   0x080018ba   0x00000002   PAD
    0x080018bc   0x080018bc   0x0000017c   Code   RO         6042    i.Pid_Init          pid.o
    0x08001a38   0x08001a38   0x0000001c   Code   RO         3000    i.RCC_AHB1PeriphClockCmd  stm32f4xx_rcc.o
    0x08001a54   0x08001a54   0x0000001c   Code   RO         3009    i.RCC_APB1PeriphClockCmd  stm32f4xx_rcc.o
    0x08001a70   0x08001a70   0x0000001c   Code   RO         3012    i.RCC_APB2PeriphClockCmd  stm32f4xx_rcc.o
    0x08001a8c   0x08001a8c   0x0000001c   Code   RO         3014    i.RCC_APB2PeriphResetCmd  stm32f4xx_rcc.o
    0x08001aa8   0x08001aa8   0x000000a0   Code   RO         3021    i.RCC_GetClocksFreq  stm32f4xx_rcc.o
    0x08001b48   0x08001b48   0x000000f0   Code   RO         5469    i.SPI3_Init         spi3.o
    0x08001c38   0x08001c38   0x00000020   Code   RO         5470    i.SPI3_ReadWrite_Byte  spi3.o
    0x08001c58   0x08001c58   0x00000024   Code   RO         5472    i.SPI3_readRegs     spi3.o
    0x08001c7c   0x08001c7c   0x00000018   Code   RO         4117    i.SPI_Cmd           stm32f4xx_spi.o
    0x08001c94   0x08001c94   0x00000038   Code   RO         4130    i.SPI_Init          stm32f4xx_spi.o
    0x08001ccc   0x08001ccc   0x00000002   Code   RO          278    i.SVC_Handler       stm32f4xx_it.o
    0x08001cce   0x08001cce   0x00000002   PAD
    0x08001cd0   0x08001cd0   0x0000007c   Code   RO         5656    i.Sbus_Data_Count   sbus.o
    0x08001d4c   0x08001d4c   0x000000b8   Code   RO          369    i.SetSysClock       system_stm32f4xx.o
    0x08001e04   0x08001e04   0x000000a8   Code   RO         5868    i.Set_Cutoff_Frequency  digital_filter.o
    0x08001eac   0x08001eac   0x0000001c   Code   RO          417    i.SysTick_CLKSourceConfig  misc.o
    0x08001ec8   0x08001ec8   0x00000002   Code   RO          279    i.SysTick_Handler   stm32f4xx_it.o
    0x08001eca   0x08001eca   0x00000002   PAD
    0x08001ecc   0x08001ecc   0x0000005c   Code   RO          371    i.SystemInit        system_stm32f4xx.o
    0x08001f28   0x08001f28   0x000000f4   Code   RO         5378    i.TIM4_IRQHandler   timing.o
    0x0800201c   0x0800201c   0x0000005c   Code   RO         5379    i.TIM4_Init         timing.o
    0x08002078   0x08002078   0x00000018   Code   RO         4335    i.TIM_ARRPreloadConfig  stm32f4xx_tim.o
    0x08002090   0x08002090   0x00000006   Code   RO         4342    i.TIM_ClearITPendingBit  stm32f4xx_tim.o
    0x08002096   0x08002096   0x00000018   Code   RO         4347    i.TIM_Cmd           stm32f4xx_tim.o
    0x080020ae   0x080020ae   0x00000018   Code   RO         4368    i.TIM_GetITStatus   stm32f4xx_tim.o
    0x080020c6   0x080020c6   0x00000014   Code   RO         4372    i.TIM_ITConfig      stm32f4xx_tim.o
    0x080020da   0x080020da   0x00000002   PAD
    0x080020dc   0x080020dc   0x00000068   Code   RO         4376    i.TIM_OC1Init       stm32f4xx_tim.o
    0x08002144   0x08002144   0x0000000c   Code   RO         4379    i.TIM_OC1PreloadConfig  stm32f4xx_tim.o
    0x08002150   0x08002150   0x00000088   Code   RO         4381    i.TIM_OC2Init       stm32f4xx_tim.o
    0x080021d8   0x080021d8   0x00000014   Code   RO         4384    i.TIM_OC2PreloadConfig  stm32f4xx_tim.o
    0x080021ec   0x080021ec   0x00000084   Code   RO         4386    i.TIM_OC3Init       stm32f4xx_tim.o
    0x08002270   0x08002270   0x0000000c   Code   RO         4389    i.TIM_OC3PreloadConfig  stm32f4xx_tim.o
    0x0800227c   0x0800227c   0x00000064   Code   RO         4391    i.TIM_OC4Init       stm32f4xx_tim.o
    0x080022e0   0x080022e0   0x00000014   Code   RO         4393    i.TIM_OC4PreloadConfig  stm32f4xx_tim.o
    0x080022f4   0x080022f4   0x0000007c   Code   RO         4419    i.TIM_TimeBaseInit  stm32f4xx_tim.o
    0x08002370   0x08002370   0x0000004c   Code   RO         5657    i.UART5_IRQHandler  sbus.o
    0x080023bc   0x080023bc   0x00000068   Code   RO         5213    i.USART1_IRQHandler  usart.o
    0x08002424   0x08002424   0x000000cc   Code   RO         5621    i.USART2_IRQHandler  usart5tof.o
    0x080024f0   0x080024f0   0x00000010   Code   RO         4894    i.USART_ClearITPendingBit  stm32f4xx_usart.o
    0x08002500   0x08002500   0x00000018   Code   RO         4897    i.USART_Cmd         stm32f4xx_usart.o
    0x08002518   0x08002518   0x00000040   Code   RO         4901    i.USART_GetITStatus  stm32f4xx_usart.o
    0x08002558   0x08002558   0x00000036   Code   RO         4903    i.USART_ITConfig    stm32f4xx_usart.o
    0x0800258e   0x0800258e   0x00000002   PAD
    0x08002590   0x08002590   0x000000bc   Code   RO         4904    i.USART_Init        stm32f4xx_usart.o
    0x0800264c   0x0800264c   0x00000008   Code   RO         4911    i.USART_ReceiveData  stm32f4xx_usart.o
    0x08002654   0x08002654   0x00000002   Code   RO          280    i.UsageFault_Handler  stm32f4xx_it.o
    0x08002656   0x08002656   0x00000002   PAD
    0x08002658   0x08002658   0x000000cc   Code   RO         5622    i.Usart2_Init       usart5tof.o
    0x08002724   0x08002724   0x000000b4   Code   RO         5658    i.Usart5_Init       sbus.o
    0x080027d8   0x080027d8   0x00000030   Code   RO        11062    i.__ARM_fpclassify  m_wm.l(fpclassify.o)
    0x08002808   0x08002808   0x00000026   Code   RO        11064    i.__ARM_fpclassifyf  m_wm.l(fpclassifyf.o)
    0x0800282e   0x0800282e   0x00000002   PAD
    0x08002830   0x08002830   0x00000360   Code   RO        10858    i.__hardfp_asin     m_wm.l(asin.o)
    0x08002b90   0x08002b90   0x000002d8   Code   RO        11028    i.__hardfp_atan     m_wm.l(atan.o)
    0x08002e68   0x08002e68   0x000001f0   Code   RO        10872    i.__hardfp_atan2    m_wm.l(atan2.o)
    0x08003058   0x08003058   0x00000150   Code   RO        10884    i.__hardfp_cosf     m_wm.l(cosf.o)
    0x080031a8   0x080031a8   0x0000007a   Code   RO        10908    i.__hardfp_sqrt     m_wm.l(sqrt.o)
    0x08003222   0x08003222   0x00000002   PAD
    0x08003224   0x08003224   0x0000017c   Code   RO        10920    i.__hardfp_tanf     m_wm.l(tanf.o)
    0x080033a0   0x080033a0   0x000000f8   Code   RO        11080    i.__kernel_poly     m_wm.l(poly.o)
    0x08003498   0x08003498   0x00000014   Code   RO        11043    i.__mathlib_dbl_infnan  m_wm.l(dunder.o)
    0x080034ac   0x080034ac   0x00000014   Code   RO        11044    i.__mathlib_dbl_infnan2  m_wm.l(dunder.o)
    0x080034c0   0x080034c0   0x00000020   Code   RO        11045    i.__mathlib_dbl_invalid  m_wm.l(dunder.o)
    0x080034e0   0x080034e0   0x00000020   Code   RO        11048    i.__mathlib_dbl_underflow  m_wm.l(dunder.o)
    0x08003500   0x08003500   0x00000006   Code   RO        11067    i.__mathlib_flt_infnan  m_wm.l(funder.o)
    0x08003506   0x08003506   0x00000002   PAD
    0x08003508   0x08003508   0x00000010   Code   RO        11069    i.__mathlib_flt_invalid  m_wm.l(funder.o)
    0x08003518   0x08003518   0x00000010   Code   RO        11072    i.__mathlib_flt_underflow  m_wm.l(funder.o)
    0x08003528   0x08003528   0x00000154   Code   RO        11083    i.__mathlib_rredf2  m_wm.l(rredf.o)
    0x0800367c   0x0800367c   0x00000002   Code   RO         5214    i._sys_exit         usart.o
    0x0800367e   0x0800367e   0x00000010   Code   RO        11030    i.atan              m_wm.l(atan.o)
    0x0800368e   0x0800368e   0x00000002   PAD
    0x08003690   0x08003690   0x0000002c   Code   RO         5143    i.delay_init        delay.o
    0x080036bc   0x080036bc   0x00000034   Code   RO         5144    i.delay_ms          delay.o
    0x080036f0   0x080036f0   0x00000034   Code   RO         5145    i.delay_us          delay.o
    0x08003724   0x08003724   0x00000034   Code   RO         5146    i.delay_xms         delay.o
    0x08003758   0x08003758   0x00000018   Code   RO        11058    i.fabs              m_wm.l(fabs.o)
    0x08003770   0x08003770   0x0000002c   Code   RO         5947    i.invSqrt           mahonyahrs.o
    0x0800379c   0x0800379c   0x000001ec   Code   RO            3    i.main              main.o
    0x08003988   0x08003988   0x00000064   Code   RO         5572    i.safe_asin         imu_ahrs.o
    0x080039ec   0x080039ec   0x0000006e   Code   RO        10910    i.sqrt              m_wm.l(sqrt.o)
    0x08003a5a   0x08003a5a   0x00000002   PAD
    0x08003a5c   0x08003a5c   0x000000ac   Code   RO         5216    i.uart_init         usart.o
    0x08003b08   0x08003b08   0x00000018   Code   RO        11013    x$fpl$basic         fz_wm.l(basic.o)
    0x08003b20   0x08003b20   0x00000062   Code   RO        10828    x$fpl$d2f           fz_wm.l(d2f.o)
    0x08003b82   0x08003b82   0x00000002   PAD
    0x08003b84   0x08003b84   0x00000150   Code   RO        10830    x$fpl$dadd          fz_wm.l(daddsub_clz.o)
    0x08003cd4   0x08003cd4   0x000002b0   Code   RO        10837    x$fpl$ddiv          fz_wm.l(ddiv.o)
    0x08003f84   0x08003f84   0x00000154   Code   RO        10852    x$fpl$dmul          fz_wm.l(dmul.o)
    0x080040d8   0x080040d8   0x0000009c   Code   RO        11017    x$fpl$dnaninf       fz_wm.l(dnaninf.o)
    0x08004174   0x08004174   0x0000000c   Code   RO        11019    x$fpl$dretinf       fz_wm.l(dretinf.o)
    0x08004180   0x08004180   0x00000016   Code   RO        10831    x$fpl$drsb          fz_wm.l(daddsub_clz.o)
    0x08004196   0x08004196   0x00000002   PAD
    0x08004198   0x08004198   0x00000198   Code   RO        11021    x$fpl$dsqrt         fz_wm.l(dsqrt_umaal.o)
    0x08004330   0x08004330   0x000001d4   Code   RO        10832    x$fpl$dsub          fz_wm.l(daddsub_clz.o)
    0x08004504   0x08004504   0x00000056   Code   RO        10856    x$fpl$f2d           fz_wm.l(f2d.o)
    0x0800455a   0x0800455a   0x0000008c   Code   RO        11023    x$fpl$fnaninf       fz_wm.l(fnaninf.o)
    0x080045e6   0x080045e6   0x0000000a   Code   RO        11128    x$fpl$fpinit        fz_wm.l(fpinit.o)
    0x080045f0   0x080045f0   0x0000000a   Code   RO        11025    x$fpl$fretinf       fz_wm.l(fretinf.o)
    0x080045fa   0x080045fa   0x00000000   Code   RO        11027    x$fpl$usenofp       fz_wm.l(usenofp.o)
    0x080045fa   0x080045fa   0x000005f0   Data   RO         5758    .constdata          oled.o
    0x08004bea   0x08004bea   0x00000006   PAD
    0x08004bf0   0x08004bf0   0x00000050   Data   RO        10861    .constdata          m_wm.l(asin.o)
    0x08004c40   0x08004c40   0x00000098   Data   RO        11031    .constdata          m_wm.l(atan.o)
    0x08004cd8   0x08004cd8   0x00000008   Data   RO        11082    .constdata          m_wm.l(qnan.o)
    0x08004ce0   0x08004ce0   0x00000020   Data   RO        11084    .constdata          m_wm.l(rredf.o)
    0x08004d00   0x08004d00   0x00000020   Data   RO        11209    Region$$Table       anon$$obj.o


    Execution Region RW_IRAM2 (Exec base: 0x10000000, Load base: 0x08004e04, Size: 0x00000000, Max: 0x00010000, ABSOLUTE)

    **** No section assigned to this execution region ****


    Execution Region RW_IRAM1 (Exec base: 0x20000000, Load base: 0x08004d20, Size: 0x00000fb8, Max: 0x00020000, ABSOLUTE, COMPRESSED[0x000000e4])

    Exec Addr    Load Addr    Size         Type   Attr      Idx    E Section Name        Object

    0x20000000   COMPRESSED   0x00000003   Data   RW           29    .data               main.o
    0x20000003   COMPRESSED   0x00000001   PAD
    0x20000004   COMPRESSED   0x00000008   Data   RW           31    .data               main.o
    0x2000000c   COMPRESSED   0x00000004   Data   RW           32    .data               main.o
    0x20000010   COMPRESSED   0x00000001   Data   RW           34    .data               main.o
    0x20000011   COMPRESSED   0x00000001   Data   RW           35    .data               main.o
    0x20000012   COMPRESSED   0x00000001   Data   RW           36    .data               main.o
    0x20000013   COMPRESSED   0x00000001   Data   RW           37    .data               main.o
    0x20000014   COMPRESSED   0x00000001   Data   RW           39    .data               main.o
    0x20000015   COMPRESSED   0x00000010   Data   RW         3053    .data               stm32f4xx_rcc.o
    0x20000025   COMPRESSED   0x00000001   PAD
    0x20000026   COMPRESSED   0x00000004   Data   RW         5147    .data               delay.o
    0x2000002a   COMPRESSED   0x00000002   Data   RW         5218    .data               usart.o
    0x2000002c   COMPRESSED   0x00000010   Data   RW         5380    .data               timing.o
    0x2000003c   COMPRESSED   0x00000012   Data   RW         5523    .data               mpu6050.o
    0x2000004e   COMPRESSED   0x00000002   PAD
    0x20000050   COMPRESSED   0x00000028   Data   RW         5576    .data               imu_ahrs.o
    0x20000078   COMPRESSED   0x00000002   Data   RW         5625    .data               usart5tof.o
    0x2000007a   COMPRESSED   0x00000001   Data   RW         5661    .data               sbus.o
    0x2000007b   COMPRESSED   0x00000180   Data   RW         5759    .data               oled.o
    0x200001fb   COMPRESSED   0x00000001   PAD
    0x200001fc   COMPRESSED   0x00000024   Data   RW         5948    .data               mahonyahrs.o
    0x20000220        -       0x00000290   Zero   RW            5    .bss                main.o
    0x200004b0        -       0x0000009c   Zero   RW            6    .bss                main.o
    0x2000054c        -       0x000000cc   Zero   RW           24    .bss                main.o
    0x20000618        -       0x0000002c   Zero   RW           27    .bss                main.o
    0x20000644        -       0x000000c8   Zero   RW         5217    .bss                usart.o
    0x2000070c        -       0x0000000e   Zero   RW         5521    .bss                mpu6050.o
    0x2000071a   COMPRESSED   0x00000002   PAD
    0x2000071c        -       0x00000130   Zero   RW         5573    .bss                imu_ahrs.o
    0x2000084c        -       0x000000c8   Zero   RW         5623    .bss                usart5tof.o
    0x20000914        -       0x0000003e   Zero   RW         5659    .bss                sbus.o
    0x20000952   COMPRESSED   0x00000002   PAD
    0x20000954        -       0x00000060   Zero   RW        11089    .bss                c_w.l(libspace.o)
    0x200009b4   COMPRESSED   0x00000004   PAD
    0x200009b8        -       0x00000200   Zero   RW          405    HEAP                startup_stm32f40_41xxx.o
    0x20000bb8        -       0x00000400   Zero   RW          404    STACK               startup_stm32f40_41xxx.o


==============================================================================

Image component sizes


      Code (inc. data)   RO Data    RW Data    ZI Data      Debug   Object Name

       132         10          0          0          0        667   adc.o
       200         18          0          4          0       2515   delay.o
       254          8          0          0          0       2043   digital_filter.o
       248         18          0          0          0       1176   gpio.o
      1388        120          0         40        304       8514   imu_ahrs.o
      1596         38          0         36          0       4861   mahonyahrs.o
       492         44          0         20       1060     458393   main.o
       152         16          0          0          0       2237   misc.o
       252          6          0          0          0        743   motor.o
       444         22          0         18         14       3603   mpu6050.o
       834         28       1520        384          0       5855   oled.o
       380         60          0          0          0        679   pid.o
       228         38          0          0          0       1248   positionestimation.o
       380         30          0          1         62       2512   sbus.o
       308         20          0          0          0       2298   spi3.o
        64         26        392          0       1536        836   startup_stm32f40_41xxx.o
       140         20          0          0          0       3134   stm32f4xx_adc.o
       164          0          0          0          0       2967   stm32f4xx_gpio.o
        18          0          0          0          0       3974   stm32f4xx_it.o
       272         36          0         16          0       5500   stm32f4xx_rcc.o
        80          0          0          0          0       1885   stm32f4xx_spi.o
       758         60          0          0          0      10357   stm32f4xx_tim.o
       354          8          0          0          0       5296   stm32f4xx_usart.o
       276         34          0          0          0       1581   system_stm32f4xx.o
       336         46          0         16          0       1450   timing.o
       278         20          0          2        200       3820   usart.o
       408         30          0          2        200       2314   usart5tof.o

    ----------------------------------------------------------------------
     10454        756       1950        544       3380     540458   Object Totals
         0          0         32          0          0          0   (incl. Generated)
        18          0          6          5          4          0   (incl. Padding)

    ----------------------------------------------------------------------

      Code (inc. data)   RO Data    RW Data    ZI Data      Debug   Library Member Name

        90          0          0          0          0          0   __dczerorl2.o
         8          0          0          0          0         68   __main.o
         0          0          0          0          0          0   __rtentry.o
        12          0          0          0          0          0   __rtentry2.o
         6          0          0          0          0          0   __rtentry4.o
        52          8          0          0          0          0   __scatter.o
        28          0          0          0          0          0   __scatter_zi.o
        22          0          0          0          0        100   _rserrno.o
        18          0          0          0          0         80   exit.o
         6          0          0          0          0        152   heapauxi.o
         2          0          0          0          0          0   libinit.o
         6          0          0          0          0          0   libinit2.o
         2          0          0          0          0          0   libshutdown.o
         2          0          0          0          0          0   libshutdown2.o
         8          4          0          0         96         68   libspace.o
         8          4          0          0          0         68   rt_errno_addr_intlibspace.o
         2          0          0          0          0          0   rtexit.o
        10          0          0          0          0          0   rtexit2.o
        74          0          0          0          0         80   sys_stackheap_outer.o
         2          0          0          0          0         68   use_no_semi.o
         2          0          0          0          0         68   use_no_semi_2.o
        24          0          0          0          0        164   basic.o
        98          4          0          0          0        140   d2f.o
       826         16          0          0          0        492   daddsub_clz.o
       688        140          0          0          0        256   ddiv.o
       340         12          0          0          0        152   dmul.o
       156          4          0          0          0        140   dnaninf.o
        12          0          0          0          0        116   dretinf.o
       408         56          0          0          0        168   dsqrt_umaal.o
        86          4          0          0          0        132   f2d.o
       140          4          0          0          0        132   fnaninf.o
        10          0          0          0          0        116   fpinit.o
        10          0          0          0          0        116   fretinf.o
         0          0          0          0          0          0   usenofp.o
       864         94         80          0          0        280   asin.o
       744        106        152          0          0        352   atan.o
       496         64          0          0          0        192   atan2.o
       336         56          0          0          0        136   cosf.o
       104         16          0          0          0        496   dunder.o
        24          0          0          0          0        124   fabs.o
        48          0          0          0          0        124   fpclassify.o
        38          0          0          0          0        116   fpclassifyf.o
        38         12          0          0          0        348   funder.o
       248          0          0          0          0        152   poly.o
         0          0          8          0          0          0   qnan.o
       340         24         32          0          0        160   rredf.o
       232          0          0          0          0        296   sqrt.o
       380         58          0          0          0        200   tanf.o

    ----------------------------------------------------------------------
      7068        686        272          0        100       5852   Library Totals
        18          0          0          0          4          0   (incl. Padding)

    ----------------------------------------------------------------------

      Code (inc. data)   RO Data    RW Data    ZI Data      Debug   Library Name

       360         16          0          0         96        752   c_w.l
      2798        240          0          0          0       2124   fz_wm.l
      3892        430        272          0          0       2976   m_wm.l

    ----------------------------------------------------------------------
      7068        686        272          0        100       5852   Library Totals

    ----------------------------------------------------------------------

==============================================================================


      Code (inc. data)   RO Data    RW Data    ZI Data      Debug   

     17522       1442       2222        544       3480     534550   Grand Totals
     17522       1442       2222        228       3480     534550   ELF Image Totals (compressed)
     17522       1442       2222        228          0          0   ROM Totals

==============================================================================

    Total RO  Size (Code + RO Data)                19744 (  19.28kB)
    Total RW  Size (RW Data + ZI Data)              4024 (   3.93kB)
    Total ROM Size (Code + RO Data + RW Data)      19972 (  19.50kB)

==============================================================================

