<html>
<body>
<pre>
<h1>µVision Build Log</h1>
<h2>Tool Versions:</h2>
IDE-Version: ¦ÌVision V5.28.0.0
Copyright (C) 2019 ARM Ltd and ARM Germany GmbH. All rights reserved.
License Information: 12 wuxidixi, 42545, LIC=TA3Y8-3EGQW-22HL4-F6LW1-SZ4PC-EQWJ2
 
Tool Versions:
Toolchain:       MDK-ARM Professional  Version: 5.28.0.0
Toolchain Path:  C:\Keil_v5\ARM\ARMCC\Bin
C Compiler:      Armcc.exe V5.06 update 6 (build 750)
Assembler:       Armasm.exe V5.06 update 6 (build 750)
Linker/Locator:  ArmLink.exe V5.06 update 6 (build 750)
Library Manager: ArmAr.exe V5.06 update 6 (build 750)
Hex Converter:   FromElf.exe V5.06 update 6 (build 750)
CPU DLL:         SARMCM3.DLL V5.28.0.0
Dialog DLL:      DCM.DLL V1.17.3.0
Target DLL:      STLink\ST-LINKIII-KEIL_SWO.dll V3.0.6.0
Dialog DLL:      TCM.DLL V1.36.2.0
 
<h2>Project:</h2>
D:\Developement_of_Smartcar\BlackFly-BS\PROJECT\BlackFly.uvprojx
Project File Date:  04/01/2022

<h2>Output:</h2>
*** Using Compiler 'V5.06 update 6 (build 750)', folder: 'C:\Keil_v5\ARM\ARMCC\Bin'
Build target 'BlackFly'
compiling motor.c...
compiling main.c...
main.c(53): warning:  #177-D: variable "fly_Pretime"  was declared but never referenced
      unsigned int fly_Pretime = 0;
main.c(54): warning:  #177-D: variable "PreparationPitch"  was declared but never referenced
      float PreparationPitch = 0 ;
main.c(55): warning:  #177-D: variable "PreparationRoll"  was declared but never referenced
      float PreparationRoll = 0;
main.c(56): warning:  #177-D: variable "PreparationFlag"  was declared but never referenced
      u8 PreparationFlag = 1;
main.c: 4 warnings, 0 errors
linking...
Program Size: Code=17522 RO-data=2222 RW-data=544 ZI-data=3480  
FromELF: creating hex file...
".\Objects\BlackFly.axf" - 0 Error(s), 4 Warning(s).

<h2>Software Packages used:</h2>

Package Vendor: Keil
                http://www.keil.com/pack/Keil.STM32F4xx_DFP.2.9.0.pack
                Keil.STM32F4xx_DFP.2.9.0
                STMicroelectronics STM32F4 Series Device Support, Drivers and Examples

<h2>Collection of Component include folders:</h2>
  .\RTE\_BlackFly
  C:\Keil_v5\ARM\PACK\Keil\STM32F4xx_DFP\2.9.0\Drivers\CMSIS\Device\ST\STM32F4xx\Include

<h2>Collection of Component Files used:</h2>
Build Time Elapsed:  00:00:02
</pre>
</body>
</html>
